// Jest Snapshot v1, https://goo.gl/fbAQLP

exports[`should match snapshot 1`] = `
.c1 {
  margin-left: 4px;
  font-weight: normal;
}

.c0 {
  text-align: center;
  margin: 0 10px;
  cursor: pointer;
  color: #5d768f;
  font-weight: bold;
  padding-bottom: 6px;
}

.c0:hover {
  color: black;
}

<span
  className="c0"
  onClick={[Function]}
>
  title
  <span
    className="c1"
  >
    (
    10
    )
  </span>
</span>
`;
