// Jest Snapshot v1, https://goo.gl/fbAQLP

exports[`GenericInputFieldWithLabel should render correctly 1`] = `
<DocumentFragment>
  <label>
    Days of discounting
  </label>
  <div
    class="inline field"
    style="display: inherit; justify-content: unset; align-items: center;"
  >
    <span
      style="width: 50%; display: inline-block;"
    >
      <div
        class="ui input"
        data-test-id="numberOfDaysDiscounting"
        style="width: 100%;"
      >
        <input
          name="numberOfDaysDiscounting"
          step="1"
          type="number"
          value=""
        />
      </div>
    </span>
  </div>
</DocumentFragment>
`;
