// Jest Snapshot v1, https://goo.gl/fbAQLP

exports[`DocumentSimpleInfo should match default snapshot 1`] = `
.c1 {
  margin-top: 2em;
}

.c1 .ui.table tr td {
  border-top: 0px !important;
}

.c1 .ui.table {
  border: 0px !important;
}

.c1 table > *:first-child:not(thead) td:first-child {
  font-weight: bold;
}

.c0 {
  border-bottom: 1px solid #dbe5ec;
  padding-bottom: 16px;
}

<div>
  <div
    className="c0"
  >
    <h2>
      anon document
    </h2>
  </div>
  <div
    className="ui container c1"
  >
    <table
      className="ui table"
    >
      <tbody
        className=""
      >
        <tr
          className=""
        >
          <td
            className=""
          >
            Type
          </td>
          <td
            className=""
          >
            Passports of UBOs
          </td>
        </tr>
        <tr
          className=""
        >
          <td
            className=""
          >
            Title
          </td>
          <td
            className=""
          >
            anon document
          </td>
        </tr>
        <tr
          className=""
        >
          <td
            className=""
          >
            Registered On
          </td>
          <td
            className=""
          >
            2000-12-31
          </td>
        </tr>
      </tbody>
    </table>
  </div>
</div>
`;
