// Jest Snapshot v1, https://goo.gl/fbAQLP

exports[`ActionTimeInfo should match default snapshot 1`] = `
.c0 {
  font-size: 12px;
}

@media (max-width:768px) {
  .c0 {
    display: block;
    margin-left: 0;
  }
}

<span
  className="grey c0"
  data-test-id="last-updated-test-field-name"
>
   
  Last updated
   
  2019/05/23
   at 
  5:00 PM
   
  CET
</span>
`;
