// Jest Snapshot v1, https://goo.gl/fbAQLP

exports[`templates reducer FETCH_TEMPLATES_SUCCESS can add multiple templates in one call 1`] = `
Immutable.Map {
  "byStaticId": Immutable.Map {
    "1cf0b888-e5ff-47ca-bcf2-b2dc9478b81c": Immutable.Map {
      "origin": "COMPANY",
      "staticId": "1cf0b888-e5ff-47ca-bcf2-b2dc9478b81c",
      "subProductId": "LETTER_OF_CREDIT",
      "productId": "TRADE_FINANCE",
      "name": "FakeTemplate",
      "commodity": "Brent",
      "updatedAt": "2019-01-02T00:00:00.000Z",
      "ownerCompanyStaticId": "1bc05a66-1eba-44f7-8f85-38204e4d3516",
      "templateBindingStaticId": "196ff57f-55d6-4a5d-adaf-aa9064d8a053",
      "version": 1,
      "template": Immutable.Map {
        "object": "value",
        "document": Immutable.Map {
          "object": "document",
          "data": Immutable.Map {},
          "nodes": Immutable.List [
            Immutable.Map {
              "object": "block",
              "type": "paragraph",
              "data": Immutable.Map {},
              "nodes": Immutable.List [
                Immutable.Map {
                  "object": "text",
                  "text": "some text ",
                  "marks": Immutable.List [],
                },
                Immutable.Map {
                  "object": "inline",
                  "type": "variable",
                  "data": Immutable.Map {
                    "path": "trade.quantity",
                  },
                  "nodes": Immutable.List [
                    Immutable.Map {
                      "object": "text",
                      "text": "trade.quantity",
                      "marks": Immutable.List [],
                    },
                  ],
                },
                Immutable.Map {
                  "object": "text",
                  "text": " ",
                  "marks": Immutable.List [],
                },
              ],
            },
          ],
        },
      },
      "createdAt": "2019-01-01T00:00:00.000Z",
      "revision": 1,
      "createdBy": "Some Username",
    },
    "other": Immutable.Map {
      "origin": "COMPANY",
      "staticId": "other",
      "subProductId": "LETTER_OF_CREDIT",
      "productId": "TRADE_FINANCE",
      "name": "FakeTemplate",
      "commodity": "GRASS",
      "updatedAt": "2019-01-02T00:00:00.000Z",
      "ownerCompanyStaticId": "1bc05a66-1eba-44f7-8f85-38204e4d3516",
      "templateBindingStaticId": "196ff57f-55d6-4a5d-adaf-aa9064d8a053",
      "version": 1,
      "template": Immutable.Map {
        "object": "value",
        "document": Immutable.Map {
          "object": "document",
          "data": Immutable.Map {},
          "nodes": Immutable.List [
            Immutable.Map {
              "object": "block",
              "type": "paragraph",
              "data": Immutable.Map {},
              "nodes": Immutable.List [
                Immutable.Map {
                  "object": "text",
                  "text": "some text ",
                  "marks": Immutable.List [],
                },
                Immutable.Map {
                  "object": "inline",
                  "type": "variable",
                  "data": Immutable.Map {
                    "path": "trade.quantity",
                  },
                  "nodes": Immutable.List [
                    Immutable.Map {
                      "object": "text",
                      "text": "trade.quantity",
                      "marks": Immutable.List [],
                    },
                  ],
                },
                Immutable.Map {
                  "object": "text",
                  "text": " ",
                  "marks": Immutable.List [],
                },
              ],
            },
          ],
        },
      },
      "createdAt": "2019-01-01T00:00:00.000Z",
      "revision": 1,
      "createdBy": "Some Username",
    },
  },
  "staticIds": Immutable.List [],
  "total": 2,
}
`;

exports[`templates reducer has an empty initial state 1`] = `
Immutable.Map {
  "byStaticId": Immutable.Map {},
  "staticIds": Immutable.List [],
  "total": 0,
}
`;
