// Jest Snapshot v1, https://goo.gl/fbAQLP

exports[`DiscountingDocuments renders correctly 1`] = `
.c0.c0.c0 .komgo-accordion-header {
  height: 53px;
  padding: 15px;
  background-color: #ffffff;
  border: 1px solid #c0cfde;
  border-radius: 4px;
  box-shadow: 0 1px 4px 0 rgba(192,207,222,0.5);
  color: #1c2936;
  font-size: 14px;
  font-weight: 600;
  line-height: 21px;
  display: -webkit-box;
  display: -webkit-flex;
  display: -ms-flexbox;
  display: flex;
  -webkit-box-pack: justify;
  -webkit-justify-content: space-between;
  -ms-flex-pack: justify;
  justify-content: space-between;
  -webkit-align-items: center;
  -webkit-box-align: center;
  -ms-flex-align: center;
  align-items: center;
}

.c0.c0.c0 .accordion-title-wrapper {
  display: -webkit-box;
  display: -webkit-flex;
  display: -ms-flexbox;
  display: flex;
  -webkit-box-pack: start;
  -webkit-justify-content: flex-start;
  -ms-flex-pack: start;
  justify-content: flex-start;
  -webkit-align-items: center;
  -webkit-box-align: center;
  -ms-flex-align: center;
  align-items: center;
  min-width: 40%;
}

.c0.c0.c0 .accordion-title {
  margin-top: 1px;
}

.c0.c0.c0 .accordion-icon {
  color: #62768d;
  margin: -8px 5px 0px 5px;
  -webkit-transform: rotate(0deg);
  -ms-transform: rotate(0deg);
  transform: rotate(0deg);
  -webkit-transition: all 0.2s linear;
  transition: all 0.2s linear;
}

.c0.c0.c0 .accordion-status-wrapper {
  margin-top: 1px;
}

.c0.c0.c0 .accordion-button-wrapper {
  margin-top: 1px;
  display: -webkit-box;
  display: -webkit-flex;
  display: -ms-flexbox;
  display: flex;
  -webkit-box-pack: end;
  -webkit-justify-content: flex-end;
  -ms-flex-pack: end;
  justify-content: flex-end;
  min-width: 20%;
}

.c0.c0.c0 .disabled {
  pointer-events: none;
}

.c0.c0.c0 .lively-divider {
  display: none;
  position: relative;
  top: 14px;
  border-bottom: 1px solid #dbe5ec;
  text-align: center;
  left: 50%;
  width: 0%;
  -webkit-animation: open-line 0.4s forwards;
  animation: open-line 0.4s forwards;
}

.c0.c0.c0 .active .komgo-accordion-header {
  border-radius: 4px 4px 0px 0px;
  border-bottom: 0;
}

.c0.c0.c0 .active .accordion-title {
  margin-top: 0px;
}

.c0.c0.c0 .active .accordion-status-wrapper {
  margin-top: 0px;
}

.c0.c0.c0 .active .accordion-button-wrapper {
  margin-top: 0px;
}

.c0.c0.c0 .active .komgo-accordion-content {
  border-radius: 0px 0px 4px 4px;
  border-top: none;
  border-color: #c0cfde;
  margin: -15px 0px 8px 0px;
}

.c0.c0.c0 .active .accordion-icon {
  -webkit-transform: rotate(90deg);
  -ms-transform: rotate(90deg);
  transform: rotate(90deg);
  margin: 0px 5px 0px 5px;
}

.c0.c0.c0 .active .lively-divider {
  display: block;
  left: 1rem;
  width: calc(100% - 2rem);
  top: -15px;
}

.c1 {
  list-style: none;
  margin: 0;
  padding: 30px 0px 30px 0px;
  display: -webkit-box;
  display: -webkit-flex;
  display: -ms-flexbox;
  display: flex;
  -webkit-flex-direction: column;
  -ms-flex-direction: column;
  flex-direction: column;
}

.c9 {
  padding-right: 0.5em;
}

.c8.c8.c8 {
  display: -webkit-box;
  display: -webkit-flex;
  display: -ms-flexbox;
  display: flex;
  -webkit-align-items: center;
  -webkit-box-align: center;
  -ms-flex-align: center;
  align-items: center;
}

.c7 {
  display: inline;
  left: 50%;
  margin-right: -50%;
  position: absolute;
  text-align: left;
  line-height: 1.9rem !important;
}

.c4.c4.c4 label {
  color: #1c2936;
  font-size: 14px;
  font-weight: 600;
  line-height: 21px;
}

.c4.c4.c4 .dropdown.icon {
  display: none;
}

.c6 {
  padding-top: 4px;
}

.c5 {
  color: #5d768f;
  font-size: 12px;
  line-height: 18px;
  margin: 0px 15px;
}

.c3 {
  display: -webkit-box;
  display: -webkit-flex;
  display: -ms-flexbox;
  display: flex;
  -webkit-align-items: center;
  -webkit-box-align: center;
  -ms-flex-align: center;
  align-items: center;
  margin: 0 1em;
  padding: 0 0 0.5em 0;
  height: 35px;
}

.c2.c2.c2 {
  display: -webkit-box;
  display: -webkit-flex;
  display: -ms-flexbox;
  display: flex;
  -webkit-box-pack: space-around;
  -webkit-justify-content: space-around;
  -ms-flex-pack: space-around;
  justify-content: space-around;
  padding: 0px 14px;
}

.c2.c2.c2 > p {
  color: #5d768f;
  font-style: italic;
  padding-right: 60px;
  -webkit-box-flex: 1;
  -webkit-flex-grow: 1;
  -ms-flex-positive: 1;
  flex-grow: 1;
}

.c2.c2.c2 > button {
  min-width: 150px;
  -webkit-align-self: flex-start;
  -ms-flex-item-align: start;
  align-self: flex-start;
}

@media (min-width:68.75em) {
  .c1 {
    padding-left: 40px;
  }
}

@media screen and (max-width:1000px) {
  .c2.c2.c2 {
    -webkit-flex-direction: column;
    -ms-flex-direction: column;
    flex-direction: column;
  }
}

<div
  bordercolor="#c0cfde"
  className="accordion ui fluid c0"
>
  <div
    className="active title"
    data-test-id="documents-accordion-title"
    onClick={[Function]}
  >
    <div
      className="ui block header komgo-accordion-header"
    >
      <div
        className="accordion-title-wrapper"
      >
        <i
          aria-hidden="true"
          className="chevron right icon accordion-icon"
        />
        <div
          className="accordion-title"
          style={
            Object {
              "marginLeft": "0px",
            }
          }
        >
          Documents
        </div>
      </div>
      <div
        className="accordion-status-wrapper"
      />
      <div
        className="accordion-button-wrapper"
      />
    </div>
  </div>
  <div
    className="content active"
    data-test-id="documents-accordion-content"
  >
    <div
      className="lively-divider"
    />
    <div
      className="ui segment komgo-accordion-content"
    >
      <ul
        className="c1"
      >
        <div
          className="c2"
          data-test-id="documents-header"
        >
          <p>
            Select document(s) you wish to share with your counterparty. Once document(s) are shared you will not be able to delete or unshare them
          </p>
          <button
            className="ui primary right floated button"
            data-test-id="button-add-document"
            onClick={[Function]}
            role="button"
            style={
              Object {
                "marginLeft": "auto",
              }
            }
            type="submit"
          >
            Upload document
          </button>
        </div>
        <div
          className="c3"
          data-test-id="select-all-checkbox-wrapper"
        >
          <div
            className="ui checked disabled fitted checkbox c4"
            floated="left"
            onChange={[Function]}
            onClick={[Function]}
            onMouseDown={[Function]}
          >
            <input
              checked={true}
              className="hidden"
              disabled={true}
              onClick={[Function]}
              readOnly={true}
              tabIndex={-1}
              type="checkbox"
            />
            <label />
          </div>
          <div
            className="c5"
          >
            Select all
          </div>
        </div>
        <div>
          <div
            className="ui divided middle aligned list"
            role="list"
          >
            <div
              className="c6"
            />
            <div
              className="item"
              data-test-id="documentName1"
              onClick={[Function]}
              role="listitem"
            >
              <div
                className="ui checkbox c4"
                floated="left"
                onChange={[Function]}
                onClick={[Function]}
                onMouseDown={[Function]}
              >
                <input
                  checked={false}
                  className="hidden"
                  onClick={[Function]}
                  readOnly={true}
                  tabIndex={0}
                  type="checkbox"
                />
                <label>
                  documentName1
                </label>
              </div>
              <div
                className="content c7"
              >
                Commercial Contract
              </div>
              <div
                className="right floated content c8"
              >
                <div
                  aria-expanded={false}
                  className="ui inline dropdown c9"
                  id="new-id"
                  onBlur={[Function]}
                  onChange={[Function]}
                  onClick={[Function]}
                  onFocus={[Function]}
                  onMouseDown={[Function]}
                  role="listbox"
                  style={
                    Object {
                      "paddingRight": 0,
                    }
                  }
                  tabIndex={0}
                >
                  <div
                    aria-live="polite"
                    className="text"
                    role="alert"
                  />
                  <i
                    aria-hidden="true"
                    className="ellipsis horizontal icon"
                    onClick={[Function]}
                  />
                  <div
                    className="left menu transition"
                  >
                    <div
                      aria-checked={false}
                      aria-selected={false}
                      className="item"
                      onClick={[Function]}
                      role="option"
                      style={
                        Object {
                          "pointerEvents": "all",
                        }
                      }
                    >
                      <span
                        className="text"
                      >
                        View
                      </span>
                    </div>
                    <div
                      aria-checked={false}
                      aria-selected={false}
                      className="item"
                      onClick={[Function]}
                      role="option"
                      style={
                        Object {
                          "pointerEvents": "all",
                        }
                      }
                    >
                      <span
                        className="text"
                      >
                        Download
                      </span>
                    </div>
                    <div
                      aria-checked={false}
                      aria-disabled={false}
                      aria-selected={false}
                      className="item"
                      onClick={[Function]}
                      role="option"
                      style={
                        Object {
                          "pointerEvents": "all",
                        }
                      }
                    >
                      <span
                        className="text"
                      >
                        Delete
                      </span>
                    </div>
                  </div>
                </div>
              </div>
            </div>
            <div
              className="item"
              data-test-id="documentName1"
              onClick={[Function]}
              role="listitem"
            >
              <div
                className="ui checkbox c4"
                floated="left"
                onChange={[Function]}
                onClick={[Function]}
                onMouseDown={[Function]}
              >
                <input
                  checked={false}
                  className="hidden"
                  onClick={[Function]}
                  readOnly={true}
                  tabIndex={0}
                  type="checkbox"
                />
                <label>
                  documentName1
                </label>
              </div>
              <div
                className="content c7"
              >
                Commercial Contract
              </div>
              <div
                className="right floated content c8"
              >
                <div
                  aria-expanded={false}
                  className="ui inline dropdown c9"
                  id="new-id-2"
                  onBlur={[Function]}
                  onChange={[Function]}
                  onClick={[Function]}
                  onFocus={[Function]}
                  onMouseDown={[Function]}
                  role="listbox"
                  style={
                    Object {
                      "paddingRight": 0,
                    }
                  }
                  tabIndex={0}
                >
                  <div
                    aria-live="polite"
                    className="text"
                    role="alert"
                  />
                  <i
                    aria-hidden="true"
                    className="ellipsis horizontal icon"
                    onClick={[Function]}
                  />
                  <div
                    className="left menu transition"
                  >
                    <div
                      aria-checked={false}
                      aria-selected={false}
                      className="item"
                      onClick={[Function]}
                      role="option"
                      style={
                        Object {
                          "pointerEvents": "all",
                        }
                      }
                    >
                      <span
                        className="text"
                      >
                        View
                      </span>
                    </div>
                    <div
                      aria-checked={false}
                      aria-selected={false}
                      className="item"
                      onClick={[Function]}
                      role="option"
                      style={
                        Object {
                          "pointerEvents": "all",
                        }
                      }
                    >
                      <span
                        className="text"
                      >
                        Download
                      </span>
                    </div>
                    <div
                      aria-checked={false}
                      aria-disabled={false}
                      aria-selected={false}
                      className="item"
                      onClick={[Function]}
                      role="option"
                      style={
                        Object {
                          "pointerEvents": "all",
                        }
                      }
                    >
                      <span
                        className="text"
                      >
                        Delete
                      </span>
                    </div>
                  </div>
                </div>
              </div>
            </div>
            <div
              className="item"
              data-test-id="documentName1"
              onClick={[Function]}
              role="listitem"
            >
              <div
                className="ui checkbox c4"
                floated="left"
                onChange={[Function]}
                onClick={[Function]}
                onMouseDown={[Function]}
              >
                <input
                  checked={false}
                  className="hidden"
                  onClick={[Function]}
                  readOnly={true}
                  tabIndex={0}
                  type="checkbox"
                />
                <label>
                  documentName1
                </label>
              </div>
              <div
                className="content c7"
              >
                Commercial Contract
              </div>
              <div
                className="right floated content c8"
              >
                <div
                  aria-expanded={false}
                  className="ui inline dropdown c9"
                  id="new-id-3"
                  onBlur={[Function]}
                  onChange={[Function]}
                  onClick={[Function]}
                  onFocus={[Function]}
                  onMouseDown={[Function]}
                  role="listbox"
                  style={
                    Object {
                      "paddingRight": 0,
                    }
                  }
                  tabIndex={0}
                >
                  <div
                    aria-live="polite"
                    className="text"
                    role="alert"
                  />
                  <i
                    aria-hidden="true"
                    className="ellipsis horizontal icon"
                    onClick={[Function]}
                  />
                  <div
                    className="left menu transition"
                  >
                    <div
                      aria-checked={false}
                      aria-selected={false}
                      className="item"
                      onClick={[Function]}
                      role="option"
                      style={
                        Object {
                          "pointerEvents": "all",
                        }
                      }
                    >
                      <span
                        className="text"
                      >
                        View
                      </span>
                    </div>
                    <div
                      aria-checked={false}
                      aria-selected={false}
                      className="item"
                      onClick={[Function]}
                      role="option"
                      style={
                        Object {
                          "pointerEvents": "all",
                        }
                      }
                    >
                      <span
                        className="text"
                      >
                        Download
                      </span>
                    </div>
                    <div
                      aria-checked={false}
                      aria-disabled={false}
                      aria-selected={false}
                      className="item"
                      onClick={[Function]}
                      role="option"
                      style={
                        Object {
                          "pointerEvents": "all",
                        }
                      }
                    >
                      <span
                        className="text"
                      >
                        Delete
                      </span>
                    </div>
                  </div>
                </div>
              </div>
            </div>
          </div>
        </div>
      </ul>
    </div>
  </div>
</div>
`;

exports[`DiscountingDocuments should match snapshot - BANK 1`] = `
.c0.c0.c0 .komgo-accordion-header {
  height: 53px;
  padding: 15px;
  background-color: #ffffff;
  border: 1px solid #c0cfde;
  border-radius: 4px;
  box-shadow: 0 1px 4px 0 rgba(192,207,222,0.5);
  color: #1c2936;
  font-size: 14px;
  font-weight: 600;
  line-height: 21px;
  display: -webkit-box;
  display: -webkit-flex;
  display: -ms-flexbox;
  display: flex;
  -webkit-box-pack: justify;
  -webkit-justify-content: space-between;
  -ms-flex-pack: justify;
  justify-content: space-between;
  -webkit-align-items: center;
  -webkit-box-align: center;
  -ms-flex-align: center;
  align-items: center;
}

.c0.c0.c0 .accordion-title-wrapper {
  display: -webkit-box;
  display: -webkit-flex;
  display: -ms-flexbox;
  display: flex;
  -webkit-box-pack: start;
  -webkit-justify-content: flex-start;
  -ms-flex-pack: start;
  justify-content: flex-start;
  -webkit-align-items: center;
  -webkit-box-align: center;
  -ms-flex-align: center;
  align-items: center;
  min-width: 40%;
}

.c0.c0.c0 .accordion-title {
  margin-top: 1px;
}

.c0.c0.c0 .accordion-icon {
  color: #62768d;
  margin: -8px 5px 0px 5px;
  -webkit-transform: rotate(0deg);
  -ms-transform: rotate(0deg);
  transform: rotate(0deg);
  -webkit-transition: all 0.2s linear;
  transition: all 0.2s linear;
}

.c0.c0.c0 .accordion-status-wrapper {
  margin-top: 1px;
}

.c0.c0.c0 .accordion-button-wrapper {
  margin-top: 1px;
  display: -webkit-box;
  display: -webkit-flex;
  display: -ms-flexbox;
  display: flex;
  -webkit-box-pack: end;
  -webkit-justify-content: flex-end;
  -ms-flex-pack: end;
  justify-content: flex-end;
  min-width: 20%;
}

.c0.c0.c0 .disabled {
  pointer-events: none;
}

.c0.c0.c0 .lively-divider {
  display: none;
  position: relative;
  top: 14px;
  border-bottom: 1px solid #dbe5ec;
  text-align: center;
  left: 50%;
  width: 0%;
  -webkit-animation: open-line 0.4s forwards;
  animation: open-line 0.4s forwards;
}

.c0.c0.c0 .active .komgo-accordion-header {
  border-radius: 4px 4px 0px 0px;
  border-bottom: 0;
}

.c0.c0.c0 .active .accordion-title {
  margin-top: 0px;
}

.c0.c0.c0 .active .accordion-status-wrapper {
  margin-top: 0px;
}

.c0.c0.c0 .active .accordion-button-wrapper {
  margin-top: 0px;
}

.c0.c0.c0 .active .komgo-accordion-content {
  border-radius: 0px 0px 4px 4px;
  border-top: none;
  border-color: #c0cfde;
  margin: -15px 0px 8px 0px;
}

.c0.c0.c0 .active .accordion-icon {
  -webkit-transform: rotate(90deg);
  -ms-transform: rotate(90deg);
  transform: rotate(90deg);
  margin: 0px 5px 0px 5px;
}

.c0.c0.c0 .active .lively-divider {
  display: block;
  left: 1rem;
  width: calc(100% - 2rem);
  top: -15px;
}

.c1 {
  list-style: none;
  margin: 0;
  padding: 30px 0px 30px 0px;
  display: -webkit-box;
  display: -webkit-flex;
  display: -ms-flexbox;
  display: flex;
  -webkit-flex-direction: column;
  -ms-flex-direction: column;
  flex-direction: column;
}

.c9 {
  padding-right: 0.5em;
}

.c8.c8.c8 {
  display: -webkit-box;
  display: -webkit-flex;
  display: -ms-flexbox;
  display: flex;
  -webkit-align-items: center;
  -webkit-box-align: center;
  -ms-flex-align: center;
  align-items: center;
}

.c7 {
  display: inline;
  left: 50%;
  margin-right: -50%;
  position: absolute;
  text-align: left;
  line-height: 1.9rem !important;
}

.c4.c4.c4 label {
  color: #1c2936;
  font-size: 14px;
  font-weight: 600;
  line-height: 21px;
}

.c4.c4.c4 .dropdown.icon {
  display: none;
}

.c6 {
  padding-top: 4px;
}

.c5 {
  color: #5d768f;
  font-size: 12px;
  line-height: 18px;
  margin: 0px 15px;
}

.c3 {
  display: -webkit-box;
  display: -webkit-flex;
  display: -ms-flexbox;
  display: flex;
  -webkit-align-items: center;
  -webkit-box-align: center;
  -ms-flex-align: center;
  align-items: center;
  margin: 0 1em;
  padding: 0 0 0.5em 0;
  height: 35px;
}

.c2.c2.c2 {
  display: -webkit-box;
  display: -webkit-flex;
  display: -ms-flexbox;
  display: flex;
  -webkit-box-pack: space-around;
  -webkit-justify-content: space-around;
  -ms-flex-pack: space-around;
  justify-content: space-around;
  padding: 0px 14px;
}

.c2.c2.c2 > p {
  color: #5d768f;
  font-style: italic;
  padding-right: 60px;
  -webkit-box-flex: 1;
  -webkit-flex-grow: 1;
  -ms-flex-positive: 1;
  flex-grow: 1;
}

.c2.c2.c2 > button {
  min-width: 150px;
  -webkit-align-self: flex-start;
  -ms-flex-item-align: start;
  align-self: flex-start;
}

@media (min-width:68.75em) {
  .c1 {
    padding-left: 40px;
  }
}

@media screen and (max-width:1000px) {
  .c2.c2.c2 {
    -webkit-flex-direction: column;
    -ms-flex-direction: column;
    flex-direction: column;
  }
}

<div
  bordercolor="#c0cfde"
  className="accordion ui fluid c0"
>
  <div
    className="active title"
    data-test-id="documents-accordion-title"
    onClick={[Function]}
  >
    <div
      className="ui block header komgo-accordion-header"
    >
      <div
        className="accordion-title-wrapper"
      >
        <i
          aria-hidden="true"
          className="chevron right icon accordion-icon"
        />
        <div
          className="accordion-title"
          style={
            Object {
              "marginLeft": "0px",
            }
          }
        >
          Documents
        </div>
      </div>
      <div
        className="accordion-status-wrapper"
      />
      <div
        className="accordion-button-wrapper"
      />
    </div>
  </div>
  <div
    className="content active"
    data-test-id="documents-accordion-content"
  >
    <div
      className="lively-divider"
    />
    <div
      className="ui segment komgo-accordion-content"
    >
      <ul
        className="c1"
      >
        <div
          className="c2"
          data-test-id="documents-header"
        >
          <p>
            Select document(s) you wish to share with your counterparty. Once document(s) are shared you will not be able to delete or unshare them
          </p>
          <button
            className="ui primary right floated button"
            data-test-id="button-add-document"
            onClick={[Function]}
            role="button"
            style={
              Object {
                "marginLeft": "auto",
              }
            }
            type="submit"
          >
            Upload document
          </button>
        </div>
        <div
          className="c3"
          data-test-id="select-all-checkbox-wrapper"
        >
          <div
            className="ui checked disabled fitted checkbox c4"
            floated="left"
            onChange={[Function]}
            onClick={[Function]}
            onMouseDown={[Function]}
          >
            <input
              checked={true}
              className="hidden"
              disabled={true}
              onClick={[Function]}
              readOnly={true}
              tabIndex={-1}
              type="checkbox"
            />
            <label />
          </div>
          <div
            className="c5"
          >
            Select all
          </div>
        </div>
        <div>
          <div
            className="ui divided middle aligned list"
            role="list"
          >
            <div
              className="c6"
            />
            <div
              className="item"
              data-test-id="documentName1"
              onClick={[Function]}
              role="listitem"
            >
              <div
                className="ui checkbox c4"
                floated="left"
                onChange={[Function]}
                onClick={[Function]}
                onMouseDown={[Function]}
              >
                <input
                  checked={false}
                  className="hidden"
                  onClick={[Function]}
                  readOnly={true}
                  tabIndex={0}
                  type="checkbox"
                />
                <label>
                  documentName1
                </label>
              </div>
              <div
                className="content c7"
              >
                Commercial Contract
              </div>
              <div
                className="right floated content c8"
              >
                <div
                  aria-expanded={false}
                  className="ui inline dropdown c9"
                  id="new-id"
                  onBlur={[Function]}
                  onChange={[Function]}
                  onClick={[Function]}
                  onFocus={[Function]}
                  onMouseDown={[Function]}
                  role="listbox"
                  style={
                    Object {
                      "paddingRight": 0,
                    }
                  }
                  tabIndex={0}
                >
                  <div
                    aria-live="polite"
                    className="text"
                    role="alert"
                  />
                  <i
                    aria-hidden="true"
                    className="ellipsis horizontal icon"
                    onClick={[Function]}
                  />
                  <div
                    className="left menu transition"
                  >
                    <div
                      aria-checked={false}
                      aria-selected={false}
                      className="item"
                      onClick={[Function]}
                      role="option"
                      style={
                        Object {
                          "pointerEvents": "all",
                        }
                      }
                    >
                      <span
                        className="text"
                      >
                        View
                      </span>
                    </div>
                    <div
                      aria-checked={false}
                      aria-selected={false}
                      className="item"
                      onClick={[Function]}
                      role="option"
                      style={
                        Object {
                          "pointerEvents": "all",
                        }
                      }
                    >
                      <span
                        className="text"
                      >
                        Download
                      </span>
                    </div>
                    <div
                      aria-checked={false}
                      aria-disabled={false}
                      aria-selected={false}
                      className="item"
                      onClick={[Function]}
                      role="option"
                      style={
                        Object {
                          "pointerEvents": "all",
                        }
                      }
                    >
                      <span
                        className="text"
                      >
                        Delete
                      </span>
                    </div>
                  </div>
                </div>
              </div>
            </div>
            <div
              className="item"
              data-test-id="documentName1"
              onClick={[Function]}
              role="listitem"
            >
              <div
                className="ui checkbox c4"
                floated="left"
                onChange={[Function]}
                onClick={[Function]}
                onMouseDown={[Function]}
              >
                <input
                  checked={false}
                  className="hidden"
                  onClick={[Function]}
                  readOnly={true}
                  tabIndex={0}
                  type="checkbox"
                />
                <label>
                  documentName1
                </label>
              </div>
              <div
                className="content c7"
              >
                Commercial Contract
              </div>
              <div
                className="right floated content c8"
              >
                <div
                  aria-expanded={false}
                  className="ui inline dropdown c9"
                  id="new-id-2"
                  onBlur={[Function]}
                  onChange={[Function]}
                  onClick={[Function]}
                  onFocus={[Function]}
                  onMouseDown={[Function]}
                  role="listbox"
                  style={
                    Object {
                      "paddingRight": 0,
                    }
                  }
                  tabIndex={0}
                >
                  <div
                    aria-live="polite"
                    className="text"
                    role="alert"
                  />
                  <i
                    aria-hidden="true"
                    className="ellipsis horizontal icon"
                    onClick={[Function]}
                  />
                  <div
                    className="left menu transition"
                  >
                    <div
                      aria-checked={false}
                      aria-selected={false}
                      className="item"
                      onClick={[Function]}
                      role="option"
                      style={
                        Object {
                          "pointerEvents": "all",
                        }
                      }
                    >
                      <span
                        className="text"
                      >
                        View
                      </span>
                    </div>
                    <div
                      aria-checked={false}
                      aria-selected={false}
                      className="item"
                      onClick={[Function]}
                      role="option"
                      style={
                        Object {
                          "pointerEvents": "all",
                        }
                      }
                    >
                      <span
                        className="text"
                      >
                        Download
                      </span>
                    </div>
                    <div
                      aria-checked={false}
                      aria-disabled={false}
                      aria-selected={false}
                      className="item"
                      onClick={[Function]}
                      role="option"
                      style={
                        Object {
                          "pointerEvents": "all",
                        }
                      }
                    >
                      <span
                        className="text"
                      >
                        Delete
                      </span>
                    </div>
                  </div>
                </div>
              </div>
            </div>
            <div
              className="item"
              data-test-id="documentName1"
              onClick={[Function]}
              role="listitem"
            >
              <div
                className="ui checkbox c4"
                floated="left"
                onChange={[Function]}
                onClick={[Function]}
                onMouseDown={[Function]}
              >
                <input
                  checked={false}
                  className="hidden"
                  onClick={[Function]}
                  readOnly={true}
                  tabIndex={0}
                  type="checkbox"
                />
                <label>
                  documentName1
                </label>
              </div>
              <div
                className="content c7"
              >
                Commercial Contract
              </div>
              <div
                className="right floated content c8"
              >
                <div
                  aria-expanded={false}
                  className="ui inline dropdown c9"
                  id="new-id-3"
                  onBlur={[Function]}
                  onChange={[Function]}
                  onClick={[Function]}
                  onFocus={[Function]}
                  onMouseDown={[Function]}
                  role="listbox"
                  style={
                    Object {
                      "paddingRight": 0,
                    }
                  }
                  tabIndex={0}
                >
                  <div
                    aria-live="polite"
                    className="text"
                    role="alert"
                  />
                  <i
                    aria-hidden="true"
                    className="ellipsis horizontal icon"
                    onClick={[Function]}
                  />
                  <div
                    className="left menu transition"
                  >
                    <div
                      aria-checked={false}
                      aria-selected={false}
                      className="item"
                      onClick={[Function]}
                      role="option"
                      style={
                        Object {
                          "pointerEvents": "all",
                        }
                      }
                    >
                      <span
                        className="text"
                      >
                        View
                      </span>
                    </div>
                    <div
                      aria-checked={false}
                      aria-selected={false}
                      className="item"
                      onClick={[Function]}
                      role="option"
                      style={
                        Object {
                          "pointerEvents": "all",
                        }
                      }
                    >
                      <span
                        className="text"
                      >
                        Download
                      </span>
                    </div>
                    <div
                      aria-checked={false}
                      aria-disabled={false}
                      aria-selected={false}
                      className="item"
                      onClick={[Function]}
                      role="option"
                      style={
                        Object {
                          "pointerEvents": "all",
                        }
                      }
                    >
                      <span
                        className="text"
                      >
                        Delete
                      </span>
                    </div>
                  </div>
                </div>
              </div>
            </div>
          </div>
        </div>
      </ul>
    </div>
  </div>
</div>
`;

exports[`DiscountingDocuments should match snapshot - TRADER 1`] = `
.c0.c0.c0 .komgo-accordion-header {
  height: 53px;
  padding: 15px;
  background-color: #ffffff;
  border: 1px solid #c0cfde;
  border-radius: 4px;
  box-shadow: 0 1px 4px 0 rgba(192,207,222,0.5);
  color: #1c2936;
  font-size: 14px;
  font-weight: 600;
  line-height: 21px;
  display: -webkit-box;
  display: -webkit-flex;
  display: -ms-flexbox;
  display: flex;
  -webkit-box-pack: justify;
  -webkit-justify-content: space-between;
  -ms-flex-pack: justify;
  justify-content: space-between;
  -webkit-align-items: center;
  -webkit-box-align: center;
  -ms-flex-align: center;
  align-items: center;
}

.c0.c0.c0 .accordion-title-wrapper {
  display: -webkit-box;
  display: -webkit-flex;
  display: -ms-flexbox;
  display: flex;
  -webkit-box-pack: start;
  -webkit-justify-content: flex-start;
  -ms-flex-pack: start;
  justify-content: flex-start;
  -webkit-align-items: center;
  -webkit-box-align: center;
  -ms-flex-align: center;
  align-items: center;
  min-width: 40%;
}

.c0.c0.c0 .accordion-title {
  margin-top: 1px;
}

.c0.c0.c0 .accordion-icon {
  color: #62768d;
  margin: -8px 5px 0px 5px;
  -webkit-transform: rotate(0deg);
  -ms-transform: rotate(0deg);
  transform: rotate(0deg);
  -webkit-transition: all 0.2s linear;
  transition: all 0.2s linear;
}

.c0.c0.c0 .accordion-status-wrapper {
  margin-top: 1px;
}

.c0.c0.c0 .accordion-button-wrapper {
  margin-top: 1px;
  display: -webkit-box;
  display: -webkit-flex;
  display: -ms-flexbox;
  display: flex;
  -webkit-box-pack: end;
  -webkit-justify-content: flex-end;
  -ms-flex-pack: end;
  justify-content: flex-end;
  min-width: 20%;
}

.c0.c0.c0 .disabled {
  pointer-events: none;
}

.c0.c0.c0 .lively-divider {
  display: none;
  position: relative;
  top: 14px;
  border-bottom: 1px solid #dbe5ec;
  text-align: center;
  left: 50%;
  width: 0%;
  -webkit-animation: open-line 0.4s forwards;
  animation: open-line 0.4s forwards;
}

.c0.c0.c0 .active .komgo-accordion-header {
  border-radius: 4px 4px 0px 0px;
  border-bottom: 0;
}

.c0.c0.c0 .active .accordion-title {
  margin-top: 0px;
}

.c0.c0.c0 .active .accordion-status-wrapper {
  margin-top: 0px;
}

.c0.c0.c0 .active .accordion-button-wrapper {
  margin-top: 0px;
}

.c0.c0.c0 .active .komgo-accordion-content {
  border-radius: 0px 0px 4px 4px;
  border-top: none;
  border-color: #c0cfde;
  margin: -15px 0px 8px 0px;
}

.c0.c0.c0 .active .accordion-icon {
  -webkit-transform: rotate(90deg);
  -ms-transform: rotate(90deg);
  transform: rotate(90deg);
  margin: 0px 5px 0px 5px;
}

.c0.c0.c0 .active .lively-divider {
  display: block;
  left: 1rem;
  width: calc(100% - 2rem);
  top: -15px;
}

.c1 {
  list-style: none;
  margin: 0;
  padding: 30px 0px 30px 0px;
  display: -webkit-box;
  display: -webkit-flex;
  display: -ms-flexbox;
  display: flex;
  -webkit-flex-direction: column;
  -ms-flex-direction: column;
  flex-direction: column;
}

.c9 {
  padding-right: 0.5em;
}

.c8.c8.c8 {
  display: -webkit-box;
  display: -webkit-flex;
  display: -ms-flexbox;
  display: flex;
  -webkit-align-items: center;
  -webkit-box-align: center;
  -ms-flex-align: center;
  align-items: center;
}

.c7 {
  display: inline;
  left: 50%;
  margin-right: -50%;
  position: absolute;
  text-align: left;
  line-height: 1.9rem !important;
}

.c4.c4.c4 label {
  color: #1c2936;
  font-size: 14px;
  font-weight: 600;
  line-height: 21px;
}

.c4.c4.c4 .dropdown.icon {
  display: none;
}

.c6 {
  padding-top: 4px;
}

.c5 {
  color: #5d768f;
  font-size: 12px;
  line-height: 18px;
  margin: 0px 15px;
}

.c3 {
  display: -webkit-box;
  display: -webkit-flex;
  display: -ms-flexbox;
  display: flex;
  -webkit-align-items: center;
  -webkit-box-align: center;
  -ms-flex-align: center;
  align-items: center;
  margin: 0 1em;
  padding: 0 0 0.5em 0;
  height: 35px;
}

.c2.c2.c2 {
  display: -webkit-box;
  display: -webkit-flex;
  display: -ms-flexbox;
  display: flex;
  -webkit-box-pack: space-around;
  -webkit-justify-content: space-around;
  -ms-flex-pack: space-around;
  justify-content: space-around;
  padding: 0px 14px;
}

.c2.c2.c2 > p {
  color: #5d768f;
  font-style: italic;
  padding-right: 60px;
  -webkit-box-flex: 1;
  -webkit-flex-grow: 1;
  -ms-flex-positive: 1;
  flex-grow: 1;
}

.c2.c2.c2 > button {
  min-width: 150px;
  -webkit-align-self: flex-start;
  -ms-flex-item-align: start;
  align-self: flex-start;
}

@media (min-width:68.75em) {
  .c1 {
    padding-left: 40px;
  }
}

@media screen and (max-width:1000px) {
  .c2.c2.c2 {
    -webkit-flex-direction: column;
    -ms-flex-direction: column;
    flex-direction: column;
  }
}

<div
  bordercolor="#c0cfde"
  className="accordion ui fluid c0"
>
  <div
    className="active title"
    data-test-id="documents-accordion-title"
    onClick={[Function]}
  >
    <div
      className="ui block header komgo-accordion-header"
    >
      <div
        className="accordion-title-wrapper"
      >
        <i
          aria-hidden="true"
          className="chevron right icon accordion-icon"
        />
        <div
          className="accordion-title"
          style={
            Object {
              "marginLeft": "0px",
            }
          }
        >
          Documents
        </div>
      </div>
      <div
        className="accordion-status-wrapper"
      />
      <div
        className="accordion-button-wrapper"
      />
    </div>
  </div>
  <div
    className="content active"
    data-test-id="documents-accordion-content"
  >
    <div
      className="lively-divider"
    />
    <div
      className="ui segment komgo-accordion-content"
    >
      <ul
        className="c1"
      >
        <div
          className="c2"
          data-test-id="documents-header"
        >
          <p>
            Select document(s) you wish to share with your counterparty. Once document(s) are shared you will not be able to delete or unshare them
          </p>
          <button
            className="ui primary right floated button"
            data-test-id="button-add-document"
            onClick={[Function]}
            role="button"
            style={
              Object {
                "marginLeft": "auto",
              }
            }
            type="submit"
          >
            Upload document
          </button>
        </div>
        <div
          className="c3"
          data-test-id="select-all-checkbox-wrapper"
        >
          <div
            className="ui checked disabled fitted checkbox c4"
            floated="left"
            onChange={[Function]}
            onClick={[Function]}
            onMouseDown={[Function]}
          >
            <input
              checked={true}
              className="hidden"
              disabled={true}
              onClick={[Function]}
              readOnly={true}
              tabIndex={-1}
              type="checkbox"
            />
            <label />
          </div>
          <div
            className="c5"
          >
            Select all
          </div>
        </div>
        <div>
          <div
            className="ui divided middle aligned list"
            role="list"
          >
            <div
              className="c6"
            />
            <div
              className="item"
              data-test-id="documentName1"
              onClick={[Function]}
              role="listitem"
            >
              <div
                className="ui checkbox c4"
                floated="left"
                onChange={[Function]}
                onClick={[Function]}
                onMouseDown={[Function]}
              >
                <input
                  checked={false}
                  className="hidden"
                  onClick={[Function]}
                  readOnly={true}
                  tabIndex={0}
                  type="checkbox"
                />
                <label>
                  documentName1
                </label>
              </div>
              <div
                className="content c7"
              >
                Commercial Contract
              </div>
              <div
                className="right floated content c8"
              >
                <div
                  aria-expanded={false}
                  className="ui inline dropdown c9"
                  id="new-id"
                  onBlur={[Function]}
                  onChange={[Function]}
                  onClick={[Function]}
                  onFocus={[Function]}
                  onMouseDown={[Function]}
                  role="listbox"
                  style={
                    Object {
                      "paddingRight": 0,
                    }
                  }
                  tabIndex={0}
                >
                  <div
                    aria-live="polite"
                    className="text"
                    role="alert"
                  />
                  <i
                    aria-hidden="true"
                    className="ellipsis horizontal icon"
                    onClick={[Function]}
                  />
                  <div
                    className="left menu transition"
                  >
                    <div
                      aria-checked={false}
                      aria-selected={false}
                      className="item"
                      onClick={[Function]}
                      role="option"
                      style={
                        Object {
                          "pointerEvents": "all",
                        }
                      }
                    >
                      <span
                        className="text"
                      >
                        View
                      </span>
                    </div>
                    <div
                      aria-checked={false}
                      aria-selected={false}
                      className="item"
                      onClick={[Function]}
                      role="option"
                      style={
                        Object {
                          "pointerEvents": "all",
                        }
                      }
                    >
                      <span
                        className="text"
                      >
                        Download
                      </span>
                    </div>
                    <div
                      aria-checked={false}
                      aria-disabled={false}
                      aria-selected={false}
                      className="item"
                      onClick={[Function]}
                      role="option"
                      style={
                        Object {
                          "pointerEvents": "all",
                        }
                      }
                    >
                      <span
                        className="text"
                      >
                        Delete
                      </span>
                    </div>
                  </div>
                </div>
              </div>
            </div>
            <div
              className="item"
              data-test-id="documentName1"
              onClick={[Function]}
              role="listitem"
            >
              <div
                className="ui checkbox c4"
                floated="left"
                onChange={[Function]}
                onClick={[Function]}
                onMouseDown={[Function]}
              >
                <input
                  checked={false}
                  className="hidden"
                  onClick={[Function]}
                  readOnly={true}
                  tabIndex={0}
                  type="checkbox"
                />
                <label>
                  documentName1
                </label>
              </div>
              <div
                className="content c7"
              >
                Commercial Contract
              </div>
              <div
                className="right floated content c8"
              >
                <div
                  aria-expanded={false}
                  className="ui inline dropdown c9"
                  id="new-id-2"
                  onBlur={[Function]}
                  onChange={[Function]}
                  onClick={[Function]}
                  onFocus={[Function]}
                  onMouseDown={[Function]}
                  role="listbox"
                  style={
                    Object {
                      "paddingRight": 0,
                    }
                  }
                  tabIndex={0}
                >
                  <div
                    aria-live="polite"
                    className="text"
                    role="alert"
                  />
                  <i
                    aria-hidden="true"
                    className="ellipsis horizontal icon"
                    onClick={[Function]}
                  />
                  <div
                    className="left menu transition"
                  >
                    <div
                      aria-checked={false}
                      aria-selected={false}
                      className="item"
                      onClick={[Function]}
                      role="option"
                      style={
                        Object {
                          "pointerEvents": "all",
                        }
                      }
                    >
                      <span
                        className="text"
                      >
                        View
                      </span>
                    </div>
                    <div
                      aria-checked={false}
                      aria-selected={false}
                      className="item"
                      onClick={[Function]}
                      role="option"
                      style={
                        Object {
                          "pointerEvents": "all",
                        }
                      }
                    >
                      <span
                        className="text"
                      >
                        Download
                      </span>
                    </div>
                    <div
                      aria-checked={false}
                      aria-disabled={false}
                      aria-selected={false}
                      className="item"
                      onClick={[Function]}
                      role="option"
                      style={
                        Object {
                          "pointerEvents": "all",
                        }
                      }
                    >
                      <span
                        className="text"
                      >
                        Delete
                      </span>
                    </div>
                  </div>
                </div>
              </div>
            </div>
            <div
              className="item"
              data-test-id="documentName1"
              onClick={[Function]}
              role="listitem"
            >
              <div
                className="ui checkbox c4"
                floated="left"
                onChange={[Function]}
                onClick={[Function]}
                onMouseDown={[Function]}
              >
                <input
                  checked={false}
                  className="hidden"
                  onClick={[Function]}
                  readOnly={true}
                  tabIndex={0}
                  type="checkbox"
                />
                <label>
                  documentName1
                </label>
              </div>
              <div
                className="content c7"
              >
                Commercial Contract
              </div>
              <div
                className="right floated content c8"
              >
                <div
                  aria-expanded={false}
                  className="ui inline dropdown c9"
                  id="new-id-3"
                  onBlur={[Function]}
                  onChange={[Function]}
                  onClick={[Function]}
                  onFocus={[Function]}
                  onMouseDown={[Function]}
                  role="listbox"
                  style={
                    Object {
                      "paddingRight": 0,
                    }
                  }
                  tabIndex={0}
                >
                  <div
                    aria-live="polite"
                    className="text"
                    role="alert"
                  />
                  <i
                    aria-hidden="true"
                    className="ellipsis horizontal icon"
                    onClick={[Function]}
                  />
                  <div
                    className="left menu transition"
                  >
                    <div
                      aria-checked={false}
                      aria-selected={false}
                      className="item"
                      onClick={[Function]}
                      role="option"
                      style={
                        Object {
                          "pointerEvents": "all",
                        }
                      }
                    >
                      <span
                        className="text"
                      >
                        View
                      </span>
                    </div>
                    <div
                      aria-checked={false}
                      aria-selected={false}
                      className="item"
                      onClick={[Function]}
                      role="option"
                      style={
                        Object {
                          "pointerEvents": "all",
                        }
                      }
                    >
                      <span
                        className="text"
                      >
                        Download
                      </span>
                    </div>
                    <div
                      aria-checked={false}
                      aria-disabled={false}
                      aria-selected={false}
                      className="item"
                      onClick={[Function]}
                      role="option"
                      style={
                        Object {
                          "pointerEvents": "all",
                        }
                      }
                    >
                      <span
                        className="text"
                      >
                        Delete
                      </span>
                    </div>
                  </div>
                </div>
              </div>
            </div>
          </div>
        </div>
      </ul>
    </div>
  </div>
</div>
`;
