// Jest Snapshot v1, https://goo.gl/fbAQLP

exports[`FileSelection should match shapshop 1`] = `
Array [
  .c0 {
  background-color: #f2f5f8;
  margin-bottom: 1.5em;
  margin-top: 1.5em;
  padding: 0.5em;
}

<h4
    className="c0"
  >
    FILE SELECTION (OPTIONAL)
  </h4>,
  .c0 {
  margin-bottom: 0;
}

.c2.c2.c2.c2.c2 {
  color: #5700b5;
  z-index: 100;
  cursor: pointer;
  padding-bottom: 20px;
  display: block;
  font-weight: normal;
}

.c1.c1.c1.c1.c1 {
  z-index: -100;
  cursor: pointer;
  position: absolute;
  opacity: 0;
  width: 0.1px;
  height: 0.1px;
  overflow: hidden;
  width: 50%;
  padding: 10px;
}

<div
    className="field"
  >
    <p
      className="c0"
    >
      <b>
        Select a JSON file
      </b>
      <br />
    </p>
    <input
      accept=".json"
      className="file-uploader c1"
      id="file-upload"
      name="companyInfoFile"
      onChange={[Function]}
      type="file"
    />
    <label
      className="file-uploader c2"
      htmlFor="file-upload"
    >
      Select a file
    </label>
  </div>,
]
`;
