// Jest Snapshot v1, https://goo.gl/fbAQLP

exports[`LetterOfCreditAmendmentStep renders a LetterOfCreditAmendmentStep with two amendments 1`] = `
Array [
  .c0.c0.c0 {
  text-transform: uppercase;
  border: none;
  background-color: #f2f5f8;
}

<div
    className="ui block header c0"
  >
    Updates
  </div>,
  .c0 {
  color: #5700b5;
  border: none;
  cursor: pointer;
  background-color: #ffffff;
}

.c0:focus {
  outline-color: #ffffff;
}

<div
    className="ui basic segment"
  >
    <div
      className="ui segment"
    >
      <div
        style={
          Object {
            "display": "flex",
            "justifyContent": "space-between",
            "paddingBottom": "10px",
          }
        }
      >
        <div>
          Field
        </div>
        <i
          aria-hidden="true"
          className="close link icon"
          onClick={[Function]}
          style={
            Object {
              "color": "#5700b5",
            }
          }
        />
      </div>
      <div
        style={
          Object {
            "maxWidth": "350px",
          }
        }
      >
        <div
          aria-expanded={false}
          className="ui fluid selection dropdown"
          onBlur={[Function]}
          onChange={[Function]}
          onClick={[Function]}
          onFocus={[Function]}
          onMouseDown={[Function]}
          role="listbox"
          tabIndex={0}
        >
          <div
            aria-live="polite"
            className="text"
            role="alert"
          >
            Invoice requirement
          </div>
          <i
            aria-hidden="true"
            className="dropdown icon"
            onClick={[Function]}
          />
          <div
            className="menu transition"
          >
            <div
              aria-checked={false}
              aria-selected={false}
              className="item"
              onClick={[Function]}
              role="option"
              style={
                Object {
                  "pointerEvents": "all",
                }
              }
            >
              <span
                className="text"
              >
                Fees payable by
              </span>
            </div>
            <div
              aria-checked={true}
              aria-selected={true}
              className="active selected item"
              onClick={[Function]}
              role="option"
              style={
                Object {
                  "pointerEvents": "all",
                }
              }
            >
              <span
                className="text"
              >
                Invoice requirement
              </span>
            </div>
            <div
              aria-checked={false}
              aria-selected={false}
              className="item"
              onClick={[Function]}
              role="option"
              style={
                Object {
                  "pointerEvents": "all",
                }
              }
            >
              <span
                className="text"
              >
                Bill of lading endorsement
              </span>
            </div>
            <div
              aria-checked={false}
              aria-selected={false}
              className="item"
              onClick={[Function]}
              role="option"
              style={
                Object {
                  "pointerEvents": "all",
                }
              }
            >
              <span
                className="text"
              >
                Opening amount
              </span>
            </div>
            <div
              aria-checked={false}
              aria-selected={false}
              className="item"
              onClick={[Function]}
              role="option"
              style={
                Object {
                  "pointerEvents": "all",
                }
              }
            >
              <span
                className="text"
              >
                Date of expiry
              </span>
            </div>
            <div
              aria-checked={false}
              aria-selected={false}
              className="item"
              onClick={[Function]}
              role="option"
              style={
                Object {
                  "pointerEvents": "all",
                }
              }
            >
              <span
                className="text"
              >
                Available with
              </span>
            </div>
            <div
              aria-checked={false}
              aria-selected={false}
              className="item"
              onClick={[Function]}
              role="option"
              style={
                Object {
                  "pointerEvents": "all",
                }
              }
            >
              <span
                className="text"
              >
                Partial shipment allowed
              </span>
            </div>
            <div
              aria-checked={false}
              aria-selected={false}
              className="item"
              onClick={[Function]}
              role="option"
              style={
                Object {
                  "pointerEvents": "all",
                }
              }
            >
              <span
                className="text"
              >
                Transhipment allowed
              </span>
            </div>
            <div
              aria-checked={false}
              aria-selected={false}
              className="item"
              onClick={[Function]}
              role="option"
              style={
                Object {
                  "pointerEvents": "all",
                }
              }
            >
              <span
                className="text"
              >
                LOI template
              </span>
            </div>
          </div>
        </div>
        <div
          style={
            Object {
              "display": "flex",
              "paddingTop": "15px",
            }
          }
        >
          <div
            style={
              Object {
                "paddingLeft": "10px",
                "width": "100%",
              }
            }
          >
            Current
            <div
              style={
                Object {
                  "display": "flex",
                  "flexDirection": "column",
                }
              }
            >
              <div
                className="ui disabled radio checkbox"
                onChange={[Function]}
                onClick={[Function]}
                onMouseDown={[Function]}
                style={
                  Object {
                    "flexGrow": 1,
                    "padding": "5px",
                  }
                }
              >
                <input
                  checked={false}
                  className="hidden"
                  disabled={true}
                  onClick={[Function]}
                  readOnly={true}
                  tabIndex={-1}
                  type="radio"
                />
                <label>
                  Exhaustive
                </label>
              </div>
              <div
                className="ui checked disabled radio checkbox"
                onChange={[Function]}
                onClick={[Function]}
                onMouseDown={[Function]}
                style={
                  Object {
                    "flexGrow": 1,
                    "padding": "5px",
                  }
                }
              >
                <input
                  checked={true}
                  className="hidden"
                  disabled={true}
                  onClick={[Function]}
                  readOnly={true}
                  tabIndex={-1}
                  type="radio"
                />
                <label>
                  Simple
                </label>
              </div>
            </div>
          </div>
          <div
            style={
              Object {
                "paddingLeft": "10px",
                "width": "100%",
              }
            }
          >
            New
            <div
              style={
                Object {
                  "display": "flex",
                  "flexDirection": "column",
                }
              }
            >
              <div
                className="ui checked radio checkbox"
                onChange={[Function]}
                onClick={[Function]}
                onMouseDown={[Function]}
                style={
                  Object {
                    "flexGrow": 1,
                    "padding": "5px",
                  }
                }
              >
                <input
                  checked={true}
                  className="hidden"
                  disabled={false}
                  onClick={[Function]}
                  readOnly={true}
                  tabIndex={0}
                  type="radio"
                />
                <label>
                  Exhaustive
                </label>
              </div>
              <div
                className="ui radio checkbox"
                onChange={[Function]}
                onClick={[Function]}
                onMouseDown={[Function]}
                style={
                  Object {
                    "flexGrow": 1,
                    "padding": "5px",
                  }
                }
              >
                <input
                  checked={false}
                  className="hidden"
                  disabled={false}
                  onClick={[Function]}
                  readOnly={true}
                  tabIndex={0}
                  type="radio"
                />
                <label>
                  Simple
                </label>
              </div>
            </div>
          </div>
        </div>
      </div>
    </div>
    <div
      className="ui segment"
    >
      <div
        style={
          Object {
            "display": "flex",
            "justifyContent": "space-between",
            "paddingBottom": "10px",
          }
        }
      >
        <div>
          Field
        </div>
        <i
          aria-hidden="true"
          className="close link icon"
          onClick={[Function]}
          style={
            Object {
              "color": "#5700b5",
            }
          }
        />
      </div>
      <div
        style={
          Object {
            "maxWidth": "350px",
          }
        }
      >
        <div
          aria-expanded={false}
          className="ui fluid selection dropdown"
          onBlur={[Function]}
          onChange={[Function]}
          onClick={[Function]}
          onFocus={[Function]}
          onMouseDown={[Function]}
          role="listbox"
          tabIndex={0}
        >
          <div
            aria-live="polite"
            className="text"
            role="alert"
          >
            Currency
          </div>
          <i
            aria-hidden="true"
            className="dropdown icon"
            onClick={[Function]}
          />
          <div
            className="menu transition"
          >
            <div
              aria-checked={false}
              aria-selected={false}
              className="item"
              onClick={[Function]}
              role="option"
              style={
                Object {
                  "pointerEvents": "all",
                }
              }
            >
              <span
                className="text"
              >
                Fees payable by
              </span>
            </div>
            <div
              aria-checked={false}
              aria-selected={false}
              className="item"
              onClick={[Function]}
              role="option"
              style={
                Object {
                  "pointerEvents": "all",
                }
              }
            >
              <span
                className="text"
              >
                Bill of lading endorsement
              </span>
            </div>
            <div
              aria-checked={true}
              aria-selected={true}
              className="active selected item"
              onClick={[Function]}
              role="option"
              style={
                Object {
                  "pointerEvents": "all",
                }
              }
            >
              <span
                className="text"
              >
                Currency
              </span>
            </div>
            <div
              aria-checked={false}
              aria-selected={false}
              className="item"
              onClick={[Function]}
              role="option"
              style={
                Object {
                  "pointerEvents": "all",
                }
              }
            >
              <span
                className="text"
              >
                Opening amount
              </span>
            </div>
            <div
              aria-checked={false}
              aria-selected={false}
              className="item"
              onClick={[Function]}
              role="option"
              style={
                Object {
                  "pointerEvents": "all",
                }
              }
            >
              <span
                className="text"
              >
                Date of expiry
              </span>
            </div>
            <div
              aria-checked={false}
              aria-selected={false}
              className="item"
              onClick={[Function]}
              role="option"
              style={
                Object {
                  "pointerEvents": "all",
                }
              }
            >
              <span
                className="text"
              >
                Available with
              </span>
            </div>
            <div
              aria-checked={false}
              aria-selected={false}
              className="item"
              onClick={[Function]}
              role="option"
              style={
                Object {
                  "pointerEvents": "all",
                }
              }
            >
              <span
                className="text"
              >
                Partial shipment allowed
              </span>
            </div>
            <div
              aria-checked={false}
              aria-selected={false}
              className="item"
              onClick={[Function]}
              role="option"
              style={
                Object {
                  "pointerEvents": "all",
                }
              }
            >
              <span
                className="text"
              >
                Transhipment allowed
              </span>
            </div>
            <div
              aria-checked={false}
              aria-selected={false}
              className="item"
              onClick={[Function]}
              role="option"
              style={
                Object {
                  "pointerEvents": "all",
                }
              }
            >
              <span
                className="text"
              >
                LOI template
              </span>
            </div>
          </div>
        </div>
        <div
          style={
            Object {
              "display": "flex",
              "paddingTop": "15px",
            }
          }
        >
          <div
            style={
              Object {
                "paddingLeft": "10px",
                "width": "100%",
              }
            }
          >
            Current
            <div
              aria-disabled={true}
              aria-expanded={false}
              className="ui disabled compact selection dropdown"
              onBlur={[Function]}
              onChange={[Function]}
              onClick={[Function]}
              onFocus={[Function]}
              onMouseDown={[Function]}
              role="listbox"
              style={
                Object {
                  "width": "100%",
                }
              }
              tabIndex={-1}
            >
              <div
                aria-live="polite"
                className="text"
                role="alert"
              >
                USD
              </div>
              <i
                aria-hidden="true"
                className="dropdown icon"
                onClick={[Function]}
              />
              <div
                className="menu transition"
              >
                <div
                  aria-checked={false}
                  aria-selected={false}
                  className="item"
                  onClick={[Function]}
                  role="option"
                  style={
                    Object {
                      "pointerEvents": "all",
                    }
                  }
                >
                  <span
                    className="text"
                  >
                    AED
                  </span>
                </div>
                <div
                  aria-checked={false}
                  aria-selected={false}
                  className="item"
                  onClick={[Function]}
                  role="option"
                  style={
                    Object {
                      "pointerEvents": "all",
                    }
                  }
                >
                  <span
                    className="text"
                  >
                    CHF
                  </span>
                </div>
                <div
                  aria-checked={false}
                  aria-selected={false}
                  className="item"
                  onClick={[Function]}
                  role="option"
                  style={
                    Object {
                      "pointerEvents": "all",
                    }
                  }
                >
                  <span
                    className="text"
                  >
                    EUR
                  </span>
                </div>
                <div
                  aria-checked={false}
                  aria-selected={false}
                  className="item"
                  onClick={[Function]}
                  role="option"
                  style={
                    Object {
                      "pointerEvents": "all",
                    }
                  }
                >
                  <span
                    className="text"
                  >
                    GBP
                  </span>
                </div>
                <div
                  aria-checked={false}
                  aria-selected={false}
                  className="item"
                  onClick={[Function]}
                  role="option"
                  style={
                    Object {
                      "pointerEvents": "all",
                    }
                  }
                >
                  <span
                    className="text"
                  >
                    JPY
                  </span>
                </div>
                <div
                  aria-checked={true}
                  aria-selected={true}
                  className="active selected item"
                  onClick={[Function]}
                  role="option"
                  style={
                    Object {
                      "pointerEvents": "all",
                    }
                  }
                >
                  <span
                    className="text"
                  >
                    USD
                  </span>
                </div>
              </div>
            </div>
          </div>
          <div
            style={
              Object {
                "paddingLeft": "10px",
                "width": "100%",
              }
            }
          >
            New
            <div
              aria-disabled={false}
              aria-expanded={false}
              className="ui compact selection dropdown"
              onBlur={[Function]}
              onChange={[Function]}
              onClick={[Function]}
              onFocus={[Function]}
              onMouseDown={[Function]}
              role="listbox"
              style={
                Object {
                  "width": "100%",
                }
              }
              tabIndex={0}
            >
              <div
                aria-live="polite"
                className="text"
                role="alert"
              >
                EUR
              </div>
              <i
                aria-hidden="true"
                className="dropdown icon"
                onClick={[Function]}
              />
              <div
                className="menu transition"
              >
                <div
                  aria-checked={false}
                  aria-selected={false}
                  className="item"
                  onClick={[Function]}
                  role="option"
                  style={
                    Object {
                      "pointerEvents": "all",
                    }
                  }
                >
                  <span
                    className="text"
                  >
                    AED
                  </span>
                </div>
                <div
                  aria-checked={false}
                  aria-selected={false}
                  className="item"
                  onClick={[Function]}
                  role="option"
                  style={
                    Object {
                      "pointerEvents": "all",
                    }
                  }
                >
                  <span
                    className="text"
                  >
                    CHF
                  </span>
                </div>
                <div
                  aria-checked={true}
                  aria-selected={true}
                  className="active selected item"
                  onClick={[Function]}
                  role="option"
                  style={
                    Object {
                      "pointerEvents": "all",
                    }
                  }
                >
                  <span
                    className="text"
                  >
                    EUR
                  </span>
                </div>
                <div
                  aria-checked={false}
                  aria-selected={false}
                  className="item"
                  onClick={[Function]}
                  role="option"
                  style={
                    Object {
                      "pointerEvents": "all",
                    }
                  }
                >
                  <span
                    className="text"
                  >
                    GBP
                  </span>
                </div>
                <div
                  aria-checked={false}
                  aria-selected={false}
                  className="item"
                  onClick={[Function]}
                  role="option"
                  style={
                    Object {
                      "pointerEvents": "all",
                    }
                  }
                >
                  <span
                    className="text"
                  >
                    JPY
                  </span>
                </div>
                <div
                  aria-checked={false}
                  aria-selected={false}
                  className="item"
                  onClick={[Function]}
                  role="option"
                  style={
                    Object {
                      "pointerEvents": "all",
                    }
                  }
                >
                  <span
                    className="text"
                  >
                    USD
                  </span>
                </div>
              </div>
            </div>
          </div>
        </div>
      </div>
    </div>
    <button
      className="c0"
      color="#5700b5"
      disabled={false}
      onClick={[Function]}
      type="button"
    >
      + Add field
    </button>
  </div>,
]
`;
