// Jest Snapshot v1, https://goo.gl/fbAQLP

exports[`renders correctly 1`] = `
.c0 {
  display: inline-block;
  font-size: 14px;
  font-weight: bold;
  color: #000000;
  margin: 0;
}

.c1 {
  display: inline-block;
  font-size: 14px;
  font-weight: normal;
  color: #000000;
  margin: 0;
}

<tr
  className=""
  id="cf63c1f8-1165-4c94-a8f8-9252eb4f0016"
>
  <td
    className="left aligned"
    data-test-id="cf63c1f8-1165-4c94-a8f8-9252eb4f0016-checkbox"
    id="cf63c1f8-1165-4c94-a8f8-9252eb4f0016-checkbox"
  >
    <div
      className="ui fitted checkbox"
      onChange={[Function]}
      onClick={[Function]}
      onMouseDown={[Function]}
    >
      <input
        checked={false}
        className="hidden"
        onClick={[Function]}
        readOnly={true}
        tabIndex={0}
        type="checkbox"
      />
      <label />
    </div>
  </td>
  <td
    className=""
    data-test-id="cf63c1f8-1165-4c94-a8f8-9252eb4f0016-source"
    id="cf63c1f8-1165-4c94-a8f8-9252eb4f0016-source"
  >
    <span
      onBlur={[Function]}
      onClick={[Function]}
      onFocus={[Function]}
      onMouseEnter={[Function]}
      onMouseLeave={[Function]}
      style={
        Object {
          "paddingTop": "8px",
        }
      }
    >
      <span
        className="c0"
      >
        Applicant Name
      </span>
    </span>
  </td>
  <td
    className=""
    data-test-id="cf63c1f8-1165-4c94-a8f8-9252eb4f0016-location"
  >
    <span
      style={
        Object {
          "paddingTop": "8px",
        }
      }
    >
      <span
        className="c1"
      >
        city
      </span>
    </span>
  </td>
  <td
    className=""
    data-test-id="cf63c1f8-1165-4c94-a8f8-9252eb4f0016-appetite"
  >
    <span
      style={
        Object {
          "paddingTop": "8px",
        }
      }
    >
      <span
        className="c1"
      >
        No
      </span>
    </span>
  </td>
  <td
    className=""
    data-test-id="cf63c1f8-1165-4c94-a8f8-9252eb4f0016-availability"
  >
    <span
      style={
        Object {
          "paddingTop": "8px",
        }
      }
    >
      <span
        className="c1"
      >
        Yes
      </span>
    </span>
  </td>
  <td
    className=""
    data-test-id="cf63c1f8-1165-4c94-a8f8-9252eb4f0016-creditLimit"
  >
    <span
      style={
        Object {
          "paddingTop": "8px",
        }
      }
    >
      <span
        className="c1"
      >
        -
      </span>
    </span>
  </td>
  <td
    className=""
    data-test-id="cf63c1f8-1165-4c94-a8f8-9252eb4f0016-riskFee"
  >
    <span
      style={
        Object {
          "paddingTop": "8px",
        }
      }
    >
      <span
        className="c1"
      >
        -
      </span>
    </span>
  </td>
  <td
    className=""
    data-test-id="cf63c1f8-1165-4c94-a8f8-9252eb4f0016-margin"
  >
    <span
      style={
        Object {
          "paddingTop": "8px",
        }
      }
    >
      <span
        className="c1"
      >
        -
      </span>
    </span>
  </td>
  <td
    className=""
    data-test-id="cf63c1f8-1165-4c94-a8f8-9252eb4f0016-maxTenor"
  >
    <span
      style={
        Object {
          "paddingTop": "8px",
        }
      }
    >
      <span
        className="c1"
      >
        -
      </span>
    </span>
  </td>
</tr>
`;
