// Jest Snapshot v1, https://goo.gl/fbAQLP

exports[`CreateOrEditCreditLineSharedWithCompany should return component without Popup 1`] = `
<div>
  Component
</div>
`;

exports[`CreateOrEditCreditLineSharedWithCompany should return component wrapped with Popup 1`] = `
<div
  onBlur={[Function]}
  onClick={[Function]}
  onFocus={[Function]}
  onMouseEnter={[Function]}
  onMouseLeave={[Function]}
>
  Component
</div>
`;
