// Jest Snapshot v1, https://goo.gl/fbAQLP

exports[`CommodityAndPrice component should match snapshot 1`] = `
Array [
  .c0.c0.c0 {
  text-transform: uppercase;
  border: none;
  background-color: #f2f5f8;
}

<div
    className="active title"
    onClick={[Function]}
  >
    <div
      className="ui block header c0"
    >
      Commodity and Price
    </div>
  </div>,
  .c0 {
  list-style: none;
  margin: 0;
  padding: 30px 0px 30px 0px;
  display: -webkit-box;
  display: -webkit-flex;
  display: -ms-flexbox;
  display: flex;
  -webkit-flex-direction: column;
  -ms-flex-direction: column;
  flex-direction: column;
}

.c2 {
  margin: 0;
  line-height: 2;
  white-space: nowrap;
  margin-bottom: 5px;
  max-width: 720px;
  -webkit-box-flex: 1;
  -webkit-flex-grow: 1;
  -ms-flex-positive: 1;
  flex-grow: 1;
}

.c1.c1.c1.c1.c1 .field .selection.dropdown {
  width: 50% !important;
}

.c1.c1.c1.c1.c1 .field.error {
  margin-bottom: 0;
}

.c1.c1.c1.c1.c1 label.inputLabel {
  width: 200px;
  margin-right: 0;
  display: inline-block;
  text-align: right;
  padding-right: 20px;
}

.c3.c3.c3.c3.c3 .field .selection.dropdown {
  width: 80px !important;
}

.c3.c3.c3.c3.c3 .field.error {
  margin-bottom: 0;
}

.c3.c3.c3.c3.c3 label.inputLabel {
  width: 200px;
  margin-right: 0;
  display: inline-block;
  text-align: right;
  padding-right: 20px;
}

.c4 {
  display: inline-block;
  font-weight: bold;
  width: 200px;
  text-align: right;
  padding-right: 20px;
}

.c5 {
  max-width: 826px;
  margin-bottom: 5px;
}

@media (min-width:68.75em) {
  .c0 {
    padding-left: 40px;
  }
}

<div
    className="content active"
  >
    <ul
      className="c0"
    >
      <li
        className="c1 c2"
      >
        <div
          className="field"
          style={
            Object {
              "alignItems": "center",
              "display": "inherit",
              "justifyContent": "unset",
            }
          }
        >
          <label
            className="inputLabel"
          >
            Commodity type *
          </label>
          <div
            aria-disabled={false}
            aria-expanded={false}
            className="ui compact search selection dropdown dropdown-input"
            name="trade.commodity"
            onBlur={[Function]}
            onChange={[Function]}
            onClick={[Function]}
            onFocus={[Function]}
            onMouseDown={[Function]}
            role="combobox"
            style={
              Object {
                "width": "50%",
              }
            }
          >
            <input
              aria-autocomplete="list"
              autoComplete="off"
              className="search"
              onChange={[Function]}
              style={
                Object {
                  "width": undefined,
                }
              }
              tabIndex={0}
              type="text"
              value=""
            />
            <div
              aria-live="polite"
              className="text"
              role="alert"
            >
              Power
            </div>
            <i
              aria-hidden="true"
              className="dropdown icon"
              onClick={[Function]}
            />
            <div
              className="menu transition"
              role="listbox"
            >
              <div
                aria-checked={false}
                aria-selected={false}
                className="item"
                onClick={[Function]}
                role="option"
                style={
                  Object {
                    "pointerEvents": "all",
                  }
                }
              >
                <span
                  className="text"
                >
                  Crude oil
                </span>
              </div>
              <div
                aria-checked={false}
                aria-selected={false}
                className="item"
                onClick={[Function]}
                role="option"
                style={
                  Object {
                    "pointerEvents": "all",
                  }
                }
              >
                <span
                  className="text"
                >
                  Oil products
                </span>
              </div>
              <div
                aria-checked={false}
                aria-selected={false}
                className="item"
                onClick={[Function]}
                role="option"
                style={
                  Object {
                    "pointerEvents": "all",
                  }
                }
              >
                <span
                  className="text"
                >
                  Soft commodities
                </span>
              </div>
              <div
                aria-checked={true}
                aria-selected={true}
                className="active selected item"
                onClick={[Function]}
                role="option"
                style={
                  Object {
                    "pointerEvents": "all",
                  }
                }
              >
                <span
                  className="text"
                >
                  Power
                </span>
              </div>
              <div
                aria-checked={false}
                aria-selected={false}
                className="item"
                onClick={[Function]}
                role="option"
                style={
                  Object {
                    "pointerEvents": "all",
                  }
                }
              >
                <span
                  className="text"
                >
                  Gas
                </span>
              </div>
              <div
                aria-checked={false}
                aria-selected={false}
                className="item"
                onClick={[Function]}
                role="option"
                style={
                  Object {
                    "pointerEvents": "all",
                  }
                }
              >
                <span
                  className="text"
                >
                  Coal
                </span>
              </div>
              <div
                aria-checked={false}
                aria-selected={false}
                className="item"
                onClick={[Function]}
                role="option"
                style={
                  Object {
                    "pointerEvents": "all",
                  }
                }
              >
                <span
                  className="text"
                >
                  Ferrous
                </span>
              </div>
              <div
                aria-checked={false}
                aria-selected={false}
                className="item"
                onClick={[Function]}
                role="option"
                style={
                  Object {
                    "pointerEvents": "all",
                  }
                }
              >
                <span
                  className="text"
                >
                  Non ferrous
                </span>
              </div>
              <div
                aria-checked={false}
                aria-selected={false}
                className="item"
                onClick={[Function]}
                role="option"
                style={
                  Object {
                    "pointerEvents": "all",
                  }
                }
              >
                <span
                  className="text"
                >
                  Ores
                </span>
              </div>
              <div
                aria-checked={false}
                aria-selected={false}
                className="item"
                onClick={[Function]}
                role="option"
                style={
                  Object {
                    "pointerEvents": "all",
                  }
                }
              >
                <span
                  className="text"
                >
                  Other
                </span>
              </div>
            </div>
          </div>
        </div>
      </li>
      <li
        className="c1 c2"
      >
        <input
          name="hidden"
          onBlur={[Function]}
          onChange={[Function]}
          style={
            Object {
              "visibility": "hidden",
            }
          }
        />
      </li>
      <li
        className="c1 c2"
      >
        <div
          className="field"
          style={
            Object {
              "alignItems": "center",
              "display": "inherit",
              "justifyContent": "unset",
            }
          }
        >
          <label
            className="inputLabel"
          >
            Product/Grade
          </label>
          <div
            className="ui input"
            style={
              Object {
                "width": "50%",
              }
            }
          >
            <input
              disabled={false}
              name="cargo.grade"
              onBlur={[Function]}
              onChange={[Function]}
              onFocus={[Function]}
              type="text"
              value="MY_GRADE"
            />
          </div>
        </div>
      </li>
      <li
        className="c1 c2"
      >
        <div
          className="field"
          style={
            Object {
              "alignItems": "center",
              "display": "inherit",
              "justifyContent": "unset",
            }
          }
        >
          <label
            className="inputLabel"
          >
            Quality (additional specs)
          </label>
          <div
            className="ui input"
            style={
              Object {
                "width": "50%",
              }
            }
          >
            <input
              disabled={false}
              name="cargo.quality"
              onBlur={[Function]}
              onChange={[Function]}
              onFocus={[Function]}
              type="text"
              value="MY_QUALITY"
            />
          </div>
        </div>
      </li>
      <li
        className="c1 c2"
      >
        <div
          className="field"
          style={
            Object {
              "alignItems": "center",
              "display": "inherit",
              "justifyContent": "unset",
            }
          }
        >
          <label
            className="inputLabel"
          >
            Origin of goods
          </label>
          <div
            className="ui input"
            style={
              Object {
                "width": "50%",
              }
            }
          >
            <input
              disabled={false}
              name="cargo.originOfGoods"
              onBlur={[Function]}
              onChange={[Function]}
              onFocus={[Function]}
              type="text"
              value="MY_ORIGIN_OF_GOODS"
            />
          </div>
        </div>
      </li>
      <li
        className="c1 c2"
      >
        <div
          className="field"
          style={
            Object {
              "alignItems": "center",
              "display": "inherit",
              "justifyContent": "unset",
            }
          }
        >
          <label
            className="inputLabel"
          >
            Invoice quantity
          </label>
          <div
            aria-disabled={false}
            aria-expanded={false}
            className="ui compact search selection dropdown dropdown-input"
            name="trade.invoiceQuantity"
            onBlur={[Function]}
            onChange={[Function]}
            onClick={[Function]}
            onFocus={[Function]}
            onMouseDown={[Function]}
            role="combobox"
            style={
              Object {
                "width": "50%",
              }
            }
          >
            <input
              aria-autocomplete="list"
              autoComplete="off"
              className="search"
              onChange={[Function]}
              style={
                Object {
                  "width": undefined,
                }
              }
              tabIndex={0}
              type="text"
              value=""
            />
            <div
              aria-live="polite"
              className="text"
              role="alert"
            >
              Discharge
            </div>
            <i
              aria-hidden="true"
              className="dropdown icon"
              onClick={[Function]}
            />
            <div
              className="menu transition"
              role="listbox"
            >
              <div
                aria-checked={false}
                aria-selected={false}
                className="item"
                onClick={[Function]}
                role="option"
                style={
                  Object {
                    "pointerEvents": "all",
                  }
                }
              >
                <span
                  className="text"
                >
                  (none)
                </span>
              </div>
              <div
                aria-checked={false}
                aria-selected={false}
                className="item"
                onClick={[Function]}
                role="option"
                style={
                  Object {
                    "pointerEvents": "all",
                  }
                }
              >
                <span
                  className="text"
                >
                  Load
                </span>
              </div>
              <div
                aria-checked={true}
                aria-selected={true}
                className="active selected item"
                onClick={[Function]}
                role="option"
                style={
                  Object {
                    "pointerEvents": "all",
                  }
                }
              >
                <span
                  className="text"
                >
                  Discharge
                </span>
              </div>
            </div>
          </div>
        </div>
      </li>
      <li
        className="c3 c2"
      >
        <div
          className="field"
          istyle={
            Object {
              "alignItems": "center",
              "display": "inherit",
              "justifyContent": "unset",
            }
          }
        >
          <label
            className="inputLabel"
          >
            Quantity
          </label>
          <div
            className="ui input"
            style={
              Object {
                "width": "275px",
              }
            }
          >
            <input
              disabled={false}
              name="trade.quantity"
              onBlur={[Function]}
              onChange={[Function]}
              onFocus={[Function]}
              type="number"
              value="3"
            />
          </div>
          <div
            aria-disabled={false}
            aria-expanded={false}
            className="ui compact search selection dropdown"
            form={
              Object {
                "dirty": false,
                "errors": Object {},
                "handleBlur": [Function],
                "handleChange": [Function],
                "handleReset": [Function],
                "handleSubmit": [Function],
                "initialValues": Object {
                  "cargo": Object {
                    "_id": "123",
                    "cargoId": "F0401",
                    "createdAt": "2019-01-01T00:00:00.000Z",
                    "grade": "MY_GRADE",
                    "originOfGoods": "MY_ORIGIN_OF_GOODS",
                    "parcels": Array [],
                    "quality": "MY_QUALITY",
                    "source": "KOMGO",
                    "sourceId": "E2389423",
                    "status": "TO_BE_FINANCED",
                    "updatedAt": "2019-01-01T00:00:00.000Z",
                    "version": 2,
                  },
                  "documents": Array [],
                  "trade": Object {
                    "_id": "123",
                    "buyer": "node.123",
                    "buyerEtrmId": "buyerEtrmId",
                    "commodity": "POWER",
                    "createdAt": "2019-01-01T00:00:00.000Z",
                    "creditRequirement": "DOCUMENTARY_LETTER_OF_CREDIT",
                    "currency": "EUR",
                    "dealDate": "2017-12-31",
                    "deliveryLocation": "Weymouth",
                    "deliveryPeriod": Object {
                      "endDate": "2019-04-10",
                      "startDate": "2019-04-03",
                    },
                    "deliveryTerms": "FOB",
                    "invoiceQuantity": "DISCHARGE",
                    "maxTolerance": 3,
                    "minTolerance": 1,
                    "paymentTerms": Object {
                      "dayType": "CALENDAR",
                      "eventBase": "BL",
                      "time": 30,
                      "timeUnit": "DAYS",
                      "when": "AFTER",
                    },
                    "paymentTermsOption": "DEFERRED",
                    "price": 400.33,
                    "priceOption": "FIX",
                    "priceUnit": "DMT",
                    "quantity": 3,
                    "seller": "node.321",
                    "sellerEtrmId": undefined,
                    "source": "KOMGO",
                    "sourceId": "E2389423",
                    "status": "TO_BE_FINANCED",
                    "updatedAt": "2019-01-01T00:00:00.000Z",
                    "version": 2,
                  },
                },
                "isSubmitting": false,
                "isValid": true,
                "isValidating": false,
                "registerField": [Function],
                "resetForm": [Function],
                "setError": [Function],
                "setErrors": [Function],
                "setFieldError": [Function],
                "setFieldTouched": [Function],
                "setFieldValue": [Function],
                "setFormikState": [Function],
                "setStatus": [Function],
                "setSubmitting": [Function],
                "setTouched": [Function],
                "setValues": [Function],
                "submitCount": 0,
                "submitForm": [Function],
                "touched": Object {},
                "unregisterField": [Function],
                "validateField": [Function],
                "validateForm": [Function],
                "values": Object {
                  "cargo": Object {
                    "_id": "123",
                    "cargoId": "F0401",
                    "createdAt": "2019-01-01T00:00:00.000Z",
                    "grade": "MY_GRADE",
                    "originOfGoods": "MY_ORIGIN_OF_GOODS",
                    "parcels": Array [],
                    "quality": "MY_QUALITY",
                    "source": "KOMGO",
                    "sourceId": "E2389423",
                    "status": "TO_BE_FINANCED",
                    "updatedAt": "2019-01-01T00:00:00.000Z",
                    "version": 2,
                  },
                  "documents": Array [],
                  "trade": Object {
                    "_id": "123",
                    "buyer": "node.123",
                    "buyerEtrmId": "buyerEtrmId",
                    "commodity": "POWER",
                    "createdAt": "2019-01-01T00:00:00.000Z",
                    "creditRequirement": "DOCUMENTARY_LETTER_OF_CREDIT",
                    "currency": "EUR",
                    "dealDate": "2017-12-31",
                    "deliveryLocation": "Weymouth",
                    "deliveryPeriod": Object {
                      "endDate": "2019-04-10",
                      "startDate": "2019-04-03",
                    },
                    "deliveryTerms": "FOB",
                    "invoiceQuantity": "DISCHARGE",
                    "maxTolerance": 3,
                    "minTolerance": 1,
                    "paymentTerms": Object {
                      "dayType": "CALENDAR",
                      "eventBase": "BL",
                      "time": 30,
                      "timeUnit": "DAYS",
                      "when": "AFTER",
                    },
                    "paymentTermsOption": "DEFERRED",
                    "price": 400.33,
                    "priceOption": "FIX",
                    "priceUnit": "DMT",
                    "quantity": 3,
                    "seller": "node.321",
                    "sellerEtrmId": undefined,
                    "source": "KOMGO",
                    "sourceId": "E2389423",
                    "status": "TO_BE_FINANCED",
                    "updatedAt": "2019-01-01T00:00:00.000Z",
                    "version": 2,
                  },
                },
              }
            }
            name="trade.priceUnit"
            onBlur={[Function]}
            onChange={[Function]}
            onClick={[Function]}
            onFocus={[Function]}
            onMouseDown={[Function]}
            role="combobox"
            style={
              Object {
                "margin": "0",
                "marginLeft": "5px",
                "width": "80px",
              }
            }
          >
            <input
              aria-autocomplete="list"
              autoComplete="off"
              className="search"
              onChange={[Function]}
              style={
                Object {
                  "width": undefined,
                }
              }
              tabIndex={0}
              type="text"
              value=""
            />
            <div
              aria-live="polite"
              className="text"
              role="alert"
            >
              DMT
            </div>
            <i
              aria-hidden="true"
              className="dropdown icon"
              onClick={[Function]}
            />
            <div
              className="menu transition"
              role="listbox"
            >
              <div
                aria-checked={false}
                aria-selected={false}
                className="item"
                onClick={[Function]}
                role="option"
                style={
                  Object {
                    "pointerEvents": "all",
                  }
                }
              >
                <span
                  className="text"
                >
                  BBL
                </span>
              </div>
              <div
                aria-checked={false}
                aria-selected={false}
                className="item"
                onClick={[Function]}
                role="option"
                style={
                  Object {
                    "pointerEvents": "all",
                  }
                }
              >
                <span
                  className="text"
                >
                  MT
                </span>
              </div>
              <div
                aria-checked={false}
                aria-selected={false}
                className="item"
                onClick={[Function]}
                role="option"
                style={
                  Object {
                    "pointerEvents": "all",
                  }
                }
              >
                <span
                  className="text"
                >
                  GAL
                </span>
              </div>
              <div
                aria-checked={false}
                aria-selected={false}
                className="item"
                onClick={[Function]}
                role="option"
                style={
                  Object {
                    "pointerEvents": "all",
                  }
                }
              >
                <span
                  className="text"
                >
                  M3
                </span>
              </div>
              <div
                aria-checked={true}
                aria-selected={true}
                className="active selected item"
                onClick={[Function]}
                role="option"
                style={
                  Object {
                    "pointerEvents": "all",
                  }
                }
              >
                <span
                  className="text"
                >
                  DMT
                </span>
              </div>
              <div
                aria-checked={false}
                aria-selected={false}
                className="item"
                onClick={[Function]}
                role="option"
                style={
                  Object {
                    "pointerEvents": "all",
                  }
                }
              >
                <span
                  className="text"
                >
                  WMT
                </span>
              </div>
              <div
                aria-checked={false}
                aria-selected={false}
                className="item"
                onClick={[Function]}
                role="option"
                style={
                  Object {
                    "pointerEvents": "all",
                  }
                }
              >
                <span
                  className="text"
                >
                  KG
                </span>
              </div>
              <div
                aria-checked={false}
                aria-selected={false}
                className="item"
                onClick={[Function]}
                role="option"
                style={
                  Object {
                    "pointerEvents": "all",
                  }
                }
              >
                <span
                  className="text"
                >
                  MMBTU
                </span>
              </div>
            </div>
          </div>
        </div>
      </li>
      <li
        className="c1 c2"
      >
        <div
          className="field"
          style={
            Object {
              "alignItems": "center",
              "display": "inherit",
              "justifyContent": "unset",
            }
          }
        >
          <label
            className="inputLabel"
          >
            Min tolerance
          </label>
          <div
            className="ui right labeled input"
            style={
              Object {
                "width": "175px",
              }
            }
          >
            <input
              disabled={false}
              name="trade.minTolerance"
              onBlur={[Function]}
              onChange={[Function]}
              onFocus={[Function]}
              type="number"
              value="1.00"
            />
            <div
              className="ui basic top right attached label label"
              onClick={[Function]}
              style={
                Object {
                  "borderBottomRightRadius": "0px",
                  "borderTopRightRadius": "0px",
                  "height": "32px",
                  "paddingTop": "8px",
                }
              }
            >
              %
            </div>
          </div>
        </div>
      </li>
      <li
        className="c1 c2"
      >
        <div
          className="field"
          style={
            Object {
              "alignItems": "center",
              "display": "inherit",
              "justifyContent": "unset",
            }
          }
        >
          <label
            className="inputLabel"
          >
            Max tolerance
          </label>
          <div
            className="ui right labeled input"
            style={
              Object {
                "width": "175px",
              }
            }
          >
            <input
              disabled={false}
              name="trade.maxTolerance"
              onBlur={[Function]}
              onChange={[Function]}
              onFocus={[Function]}
              type="number"
              value="3.00"
            />
            <div
              className="ui basic top right attached label label"
              onClick={[Function]}
              style={
                Object {
                  "borderBottomRightRadius": "0px",
                  "borderTopRightRadius": "0px",
                  "height": "32px",
                  "paddingTop": "8px",
                }
              }
            >
              %
            </div>
          </div>
        </div>
      </li>
      <li
        className="c1 c2"
      >
        <div
          className="field"
          style={
            Object {
              "alignItems": "center",
              "display": "inherit",
              "justifyContent": "unset",
            }
          }
        >
          <label
            className="inputLabel"
          >
            Price
          </label>
          <div
            aria-disabled={false}
            aria-expanded={false}
            className="ui compact search selection dropdown dropdown-input"
            name="trade.priceOption"
            onBlur={[Function]}
            onChange={[Function]}
            onClick={[Function]}
            onFocus={[Function]}
            onMouseDown={[Function]}
            role="combobox"
            style={
              Object {
                "width": "50%",
              }
            }
          >
            <input
              aria-autocomplete="list"
              autoComplete="off"
              className="search"
              onChange={[Function]}
              style={
                Object {
                  "width": undefined,
                }
              }
              tabIndex={0}
              type="text"
              value=""
            />
            <div
              aria-live="polite"
              className="text"
              role="alert"
            >
              Fix
            </div>
            <i
              aria-hidden="true"
              className="dropdown icon"
              onClick={[Function]}
            />
            <div
              className="menu transition"
              role="listbox"
            >
              <div
                aria-checked={false}
                aria-selected={false}
                className="item"
                onClick={[Function]}
                role="option"
                style={
                  Object {
                    "pointerEvents": "all",
                  }
                }
              >
                <span
                  className="text"
                >
                  (none)
                </span>
              </div>
              <div
                aria-checked={true}
                aria-selected={true}
                className="active selected item"
                onClick={[Function]}
                role="option"
                style={
                  Object {
                    "pointerEvents": "all",
                  }
                }
              >
                <span
                  className="text"
                >
                  Fix
                </span>
              </div>
              <div
                aria-checked={false}
                aria-selected={false}
                className="item"
                onClick={[Function]}
                role="option"
                style={
                  Object {
                    "pointerEvents": "all",
                  }
                }
              >
                <span
                  className="text"
                >
                  Floating
                </span>
              </div>
            </div>
          </div>
        </div>
      </li>
      <li
        className="c1 c2"
      >
        <div
          className="inline field"
          style={
            Object {
              "alignItems": "center",
              "display": "inherit",
              "justifyContent": "unset",
              "visibility": "hidden",
            }
          }
        >
          <label
            className="inputLabel"
          >
            Pricing formula
          </label>
          <textarea
            className=""
            disabled={false}
            name="trade.priceFormula"
            onBlur={[Function]}
            onChange={[Function]}
            onInput={[Function]}
            rows={3}
            style={
              Object {
                "resize": "",
                "visibility": "hidden",
                "width": "50%",
              }
            }
          />
        </div>
      </li>
      <li
        className="c1 c2"
      >
        <span
          className="c4"
        >
          Price
           
          per 
          unit
        </span>
        <div
          className="ui input"
          style={
            Object {
              "width": "275px",
            }
          }
        >
          <input
            disabled={false}
            name="trade.price"
            onBlur={[Function]}
            onChange={[Function]}
            onFocus={[Function]}
            type="text"
            value="400.33"
          />
        </div>
        <div
          aria-disabled={false}
          aria-expanded={false}
          className="ui compact search selection dropdown"
          form={
            Object {
              "dirty": false,
              "errors": Object {},
              "handleBlur": [Function],
              "handleChange": [Function],
              "handleReset": [Function],
              "handleSubmit": [Function],
              "initialValues": Object {
                "cargo": Object {
                  "_id": "123",
                  "cargoId": "F0401",
                  "createdAt": "2019-01-01T00:00:00.000Z",
                  "grade": "MY_GRADE",
                  "originOfGoods": "MY_ORIGIN_OF_GOODS",
                  "parcels": Array [],
                  "quality": "MY_QUALITY",
                  "source": "KOMGO",
                  "sourceId": "E2389423",
                  "status": "TO_BE_FINANCED",
                  "updatedAt": "2019-01-01T00:00:00.000Z",
                  "version": 2,
                },
                "documents": Array [],
                "trade": Object {
                  "_id": "123",
                  "buyer": "node.123",
                  "buyerEtrmId": "buyerEtrmId",
                  "commodity": "POWER",
                  "createdAt": "2019-01-01T00:00:00.000Z",
                  "creditRequirement": "DOCUMENTARY_LETTER_OF_CREDIT",
                  "currency": "EUR",
                  "dealDate": "2017-12-31",
                  "deliveryLocation": "Weymouth",
                  "deliveryPeriod": Object {
                    "endDate": "2019-04-10",
                    "startDate": "2019-04-03",
                  },
                  "deliveryTerms": "FOB",
                  "invoiceQuantity": "DISCHARGE",
                  "maxTolerance": 3,
                  "minTolerance": 1,
                  "paymentTerms": Object {
                    "dayType": "CALENDAR",
                    "eventBase": "BL",
                    "time": 30,
                    "timeUnit": "DAYS",
                    "when": "AFTER",
                  },
                  "paymentTermsOption": "DEFERRED",
                  "price": 400.33,
                  "priceOption": "FIX",
                  "priceUnit": "DMT",
                  "quantity": 3,
                  "seller": "node.321",
                  "sellerEtrmId": undefined,
                  "source": "KOMGO",
                  "sourceId": "E2389423",
                  "status": "TO_BE_FINANCED",
                  "updatedAt": "2019-01-01T00:00:00.000Z",
                  "version": 2,
                },
              },
              "isSubmitting": false,
              "isValid": true,
              "isValidating": false,
              "registerField": [Function],
              "resetForm": [Function],
              "setError": [Function],
              "setErrors": [Function],
              "setFieldError": [Function],
              "setFieldTouched": [Function],
              "setFieldValue": [Function],
              "setFormikState": [Function],
              "setStatus": [Function],
              "setSubmitting": [Function],
              "setTouched": [Function],
              "setValues": [Function],
              "submitCount": 0,
              "submitForm": [Function],
              "touched": Object {},
              "unregisterField": [Function],
              "validateField": [Function],
              "validateForm": [Function],
              "values": Object {
                "cargo": Object {
                  "_id": "123",
                  "cargoId": "F0401",
                  "createdAt": "2019-01-01T00:00:00.000Z",
                  "grade": "MY_GRADE",
                  "originOfGoods": "MY_ORIGIN_OF_GOODS",
                  "parcels": Array [],
                  "quality": "MY_QUALITY",
                  "source": "KOMGO",
                  "sourceId": "E2389423",
                  "status": "TO_BE_FINANCED",
                  "updatedAt": "2019-01-01T00:00:00.000Z",
                  "version": 2,
                },
                "documents": Array [],
                "trade": Object {
                  "_id": "123",
                  "buyer": "node.123",
                  "buyerEtrmId": "buyerEtrmId",
                  "commodity": "POWER",
                  "createdAt": "2019-01-01T00:00:00.000Z",
                  "creditRequirement": "DOCUMENTARY_LETTER_OF_CREDIT",
                  "currency": "EUR",
                  "dealDate": "2017-12-31",
                  "deliveryLocation": "Weymouth",
                  "deliveryPeriod": Object {
                    "endDate": "2019-04-10",
                    "startDate": "2019-04-03",
                  },
                  "deliveryTerms": "FOB",
                  "invoiceQuantity": "DISCHARGE",
                  "maxTolerance": 3,
                  "minTolerance": 1,
                  "paymentTerms": Object {
                    "dayType": "CALENDAR",
                    "eventBase": "BL",
                    "time": 30,
                    "timeUnit": "DAYS",
                    "when": "AFTER",
                  },
                  "paymentTermsOption": "DEFERRED",
                  "price": 400.33,
                  "priceOption": "FIX",
                  "priceUnit": "DMT",
                  "quantity": 3,
                  "seller": "node.321",
                  "sellerEtrmId": undefined,
                  "source": "KOMGO",
                  "sourceId": "E2389423",
                  "status": "TO_BE_FINANCED",
                  "updatedAt": "2019-01-01T00:00:00.000Z",
                  "version": 2,
                },
              },
            }
          }
          name="trade.currency"
          onBlur={[Function]}
          onChange={[Function]}
          onClick={[Function]}
          onFocus={[Function]}
          onMouseDown={[Function]}
          role="combobox"
          style={
            Object {
              "margin": "0",
              "marginLeft": "5px",
              "width": "80px",
            }
          }
        >
          <input
            aria-autocomplete="list"
            autoComplete="off"
            className="search"
            onChange={[Function]}
            style={
              Object {
                "width": undefined,
              }
            }
            tabIndex={0}
            type="text"
            value=""
          />
          <div
            aria-live="polite"
            className="text"
            role="alert"
          >
            EUR
          </div>
          <i
            aria-hidden="true"
            className="dropdown icon"
            onClick={[Function]}
          />
          <div
            className="menu transition"
            role="listbox"
          >
            <div
              aria-checked={false}
              aria-selected={false}
              className="item"
              onClick={[Function]}
              role="option"
              style={
                Object {
                  "pointerEvents": "all",
                }
              }
            >
              <span
                className="text"
              >
                AED
              </span>
            </div>
            <div
              aria-checked={false}
              aria-selected={false}
              className="item"
              onClick={[Function]}
              role="option"
              style={
                Object {
                  "pointerEvents": "all",
                }
              }
            >
              <span
                className="text"
              >
                CHF
              </span>
            </div>
            <div
              aria-checked={true}
              aria-selected={true}
              className="active selected item"
              onClick={[Function]}
              role="option"
              style={
                Object {
                  "pointerEvents": "all",
                }
              }
            >
              <span
                className="text"
              >
                EUR
              </span>
            </div>
            <div
              aria-checked={false}
              aria-selected={false}
              className="item"
              onClick={[Function]}
              role="option"
              style={
                Object {
                  "pointerEvents": "all",
                }
              }
            >
              <span
                className="text"
              >
                GBP
              </span>
            </div>
            <div
              aria-checked={false}
              aria-selected={false}
              className="item"
              onClick={[Function]}
              role="option"
              style={
                Object {
                  "pointerEvents": "all",
                }
              }
            >
              <span
                className="text"
              >
                JPY
              </span>
            </div>
            <div
              aria-checked={false}
              aria-selected={false}
              className="item"
              onClick={[Function]}
              role="option"
              style={
                Object {
                  "pointerEvents": "all",
                }
              }
            >
              <span
                className="text"
              >
                USD
              </span>
            </div>
          </div>
        </div>
      </li>
      <li
        className="c1 c2"
      >
        <div
          className="field"
          style={
            Object {
              "alignItems": "center",
              "display": "inherit",
              "justifyContent": "unset",
            }
          }
        >
          <label
            className="inputLabel"
          >
            Payment option
          </label>
          <div
            aria-disabled={false}
            aria-expanded={false}
            className="ui compact search selection dropdown dropdown-input"
            name="trade.paymentTermsOption"
            onBlur={[Function]}
            onChange={[Function]}
            onClick={[Function]}
            onFocus={[Function]}
            onMouseDown={[Function]}
            role="combobox"
            style={
              Object {
                "width": "50%",
              }
            }
          >
            <input
              aria-autocomplete="list"
              autoComplete="off"
              className="search"
              onChange={[Function]}
              style={
                Object {
                  "width": undefined,
                }
              }
              tabIndex={0}
              type="text"
              value=""
            />
            <div
              aria-live="polite"
              className="text"
              role="alert"
            >
              Deferred
            </div>
            <i
              aria-hidden="true"
              className="dropdown icon"
              onClick={[Function]}
            />
            <div
              className="menu transition"
              role="listbox"
            >
              <div
                aria-checked={false}
                aria-selected={false}
                className="item"
                onClick={[Function]}
                role="option"
                style={
                  Object {
                    "pointerEvents": "all",
                  }
                }
              >
                <span
                  className="text"
                >
                  (none)
                </span>
              </div>
              <div
                aria-checked={true}
                aria-selected={true}
                className="active selected item"
                onClick={[Function]}
                role="option"
                style={
                  Object {
                    "pointerEvents": "all",
                  }
                }
              >
                <span
                  className="text"
                >
                  Deferred
                </span>
              </div>
              <div
                aria-checked={false}
                aria-selected={false}
                className="item"
                onClick={[Function]}
                role="option"
                style={
                  Object {
                    "pointerEvents": "all",
                  }
                }
              >
                <span
                  className="text"
                >
                  Sight
                </span>
              </div>
            </div>
          </div>
        </div>
      </li>
      <li
        className="c5"
      >
        <span
          className="c4"
        >
          Payment terms
           *
        </span>
        <div
          className="ui input"
          style={
            Object {
              "width": "70px",
            }
          }
        >
          <input
            disabled={false}
            name="trade.paymentTerms.time"
            onBlur={[Function]}
            onChange={[Function]}
            onFocus={[Function]}
            type="number"
            value="30"
          />
        </div>
        <div
          aria-disabled={false}
          aria-expanded={false}
          className="ui compact search selection dropdown"
          form={
            Object {
              "dirty": false,
              "errors": Object {},
              "handleBlur": [Function],
              "handleChange": [Function],
              "handleReset": [Function],
              "handleSubmit": [Function],
              "initialValues": Object {
                "cargo": Object {
                  "_id": "123",
                  "cargoId": "F0401",
                  "createdAt": "2019-01-01T00:00:00.000Z",
                  "grade": "MY_GRADE",
                  "originOfGoods": "MY_ORIGIN_OF_GOODS",
                  "parcels": Array [],
                  "quality": "MY_QUALITY",
                  "source": "KOMGO",
                  "sourceId": "E2389423",
                  "status": "TO_BE_FINANCED",
                  "updatedAt": "2019-01-01T00:00:00.000Z",
                  "version": 2,
                },
                "documents": Array [],
                "trade": Object {
                  "_id": "123",
                  "buyer": "node.123",
                  "buyerEtrmId": "buyerEtrmId",
                  "commodity": "POWER",
                  "createdAt": "2019-01-01T00:00:00.000Z",
                  "creditRequirement": "DOCUMENTARY_LETTER_OF_CREDIT",
                  "currency": "EUR",
                  "dealDate": "2017-12-31",
                  "deliveryLocation": "Weymouth",
                  "deliveryPeriod": Object {
                    "endDate": "2019-04-10",
                    "startDate": "2019-04-03",
                  },
                  "deliveryTerms": "FOB",
                  "invoiceQuantity": "DISCHARGE",
                  "maxTolerance": 3,
                  "minTolerance": 1,
                  "paymentTerms": Object {
                    "dayType": "CALENDAR",
                    "eventBase": "BL",
                    "time": 30,
                    "timeUnit": "DAYS",
                    "when": "AFTER",
                  },
                  "paymentTermsOption": "DEFERRED",
                  "price": 400.33,
                  "priceOption": "FIX",
                  "priceUnit": "DMT",
                  "quantity": 3,
                  "seller": "node.321",
                  "sellerEtrmId": undefined,
                  "source": "KOMGO",
                  "sourceId": "E2389423",
                  "status": "TO_BE_FINANCED",
                  "updatedAt": "2019-01-01T00:00:00.000Z",
                  "version": 2,
                },
              },
              "isSubmitting": false,
              "isValid": true,
              "isValidating": false,
              "registerField": [Function],
              "resetForm": [Function],
              "setError": [Function],
              "setErrors": [Function],
              "setFieldError": [Function],
              "setFieldTouched": [Function],
              "setFieldValue": [Function],
              "setFormikState": [Function],
              "setStatus": [Function],
              "setSubmitting": [Function],
              "setTouched": [Function],
              "setValues": [Function],
              "submitCount": 0,
              "submitForm": [Function],
              "touched": Object {},
              "unregisterField": [Function],
              "validateField": [Function],
              "validateForm": [Function],
              "values": Object {
                "cargo": Object {
                  "_id": "123",
                  "cargoId": "F0401",
                  "createdAt": "2019-01-01T00:00:00.000Z",
                  "grade": "MY_GRADE",
                  "originOfGoods": "MY_ORIGIN_OF_GOODS",
                  "parcels": Array [],
                  "quality": "MY_QUALITY",
                  "source": "KOMGO",
                  "sourceId": "E2389423",
                  "status": "TO_BE_FINANCED",
                  "updatedAt": "2019-01-01T00:00:00.000Z",
                  "version": 2,
                },
                "documents": Array [],
                "trade": Object {
                  "_id": "123",
                  "buyer": "node.123",
                  "buyerEtrmId": "buyerEtrmId",
                  "commodity": "POWER",
                  "createdAt": "2019-01-01T00:00:00.000Z",
                  "creditRequirement": "DOCUMENTARY_LETTER_OF_CREDIT",
                  "currency": "EUR",
                  "dealDate": "2017-12-31",
                  "deliveryLocation": "Weymouth",
                  "deliveryPeriod": Object {
                    "endDate": "2019-04-10",
                    "startDate": "2019-04-03",
                  },
                  "deliveryTerms": "FOB",
                  "invoiceQuantity": "DISCHARGE",
                  "maxTolerance": 3,
                  "minTolerance": 1,
                  "paymentTerms": Object {
                    "dayType": "CALENDAR",
                    "eventBase": "BL",
                    "time": 30,
                    "timeUnit": "DAYS",
                    "when": "AFTER",
                  },
                  "paymentTermsOption": "DEFERRED",
                  "price": 400.33,
                  "priceOption": "FIX",
                  "priceUnit": "DMT",
                  "quantity": 3,
                  "seller": "node.321",
                  "sellerEtrmId": undefined,
                  "source": "KOMGO",
                  "sourceId": "E2389423",
                  "status": "TO_BE_FINANCED",
                  "updatedAt": "2019-01-01T00:00:00.000Z",
                  "version": 2,
                },
              },
            }
          }
          name="trade.paymentTerms.timeUnit"
          onBlur={[Function]}
          onChange={[Function]}
          onClick={[Function]}
          onFocus={[Function]}
          onMouseDown={[Function]}
          role="combobox"
          style={
            Object {
              "margin": "0",
              "marginLeft": "5px",
              "minWidth": "100px",
            }
          }
        >
          <input
            aria-autocomplete="list"
            autoComplete="off"
            className="search"
            onChange={[Function]}
            style={
              Object {
                "width": undefined,
              }
            }
            tabIndex={0}
            type="text"
            value=""
          />
          <div
            aria-live="polite"
            className="text"
            role="alert"
          >
            DAYS
          </div>
          <i
            aria-hidden="true"
            className="dropdown icon"
            onClick={[Function]}
          />
          <div
            className="menu transition"
            role="listbox"
          >
            <div
              aria-checked={true}
              aria-selected={true}
              className="active selected item"
              onClick={[Function]}
              role="option"
              style={
                Object {
                  "pointerEvents": "all",
                }
              }
            >
              <span
                className="text"
              >
                DAYS
              </span>
            </div>
            <div
              aria-checked={false}
              aria-selected={false}
              className="item"
              onClick={[Function]}
              role="option"
              style={
                Object {
                  "pointerEvents": "all",
                }
              }
            >
              <span
                className="text"
              >
                MONTHS
              </span>
            </div>
            <div
              aria-checked={false}
              aria-selected={false}
              className="item"
              onClick={[Function]}
              role="option"
              style={
                Object {
                  "pointerEvents": "all",
                }
              }
            >
              <span
                className="text"
              >
                YEARS
              </span>
            </div>
          </div>
        </div>
        <div
          aria-disabled={false}
          aria-expanded={false}
          className="ui compact search selection dropdown"
          form={
            Object {
              "dirty": false,
              "errors": Object {},
              "handleBlur": [Function],
              "handleChange": [Function],
              "handleReset": [Function],
              "handleSubmit": [Function],
              "initialValues": Object {
                "cargo": Object {
                  "_id": "123",
                  "cargoId": "F0401",
                  "createdAt": "2019-01-01T00:00:00.000Z",
                  "grade": "MY_GRADE",
                  "originOfGoods": "MY_ORIGIN_OF_GOODS",
                  "parcels": Array [],
                  "quality": "MY_QUALITY",
                  "source": "KOMGO",
                  "sourceId": "E2389423",
                  "status": "TO_BE_FINANCED",
                  "updatedAt": "2019-01-01T00:00:00.000Z",
                  "version": 2,
                },
                "documents": Array [],
                "trade": Object {
                  "_id": "123",
                  "buyer": "node.123",
                  "buyerEtrmId": "buyerEtrmId",
                  "commodity": "POWER",
                  "createdAt": "2019-01-01T00:00:00.000Z",
                  "creditRequirement": "DOCUMENTARY_LETTER_OF_CREDIT",
                  "currency": "EUR",
                  "dealDate": "2017-12-31",
                  "deliveryLocation": "Weymouth",
                  "deliveryPeriod": Object {
                    "endDate": "2019-04-10",
                    "startDate": "2019-04-03",
                  },
                  "deliveryTerms": "FOB",
                  "invoiceQuantity": "DISCHARGE",
                  "maxTolerance": 3,
                  "minTolerance": 1,
                  "paymentTerms": Object {
                    "dayType": "CALENDAR",
                    "eventBase": "BL",
                    "time": 30,
                    "timeUnit": "DAYS",
                    "when": "AFTER",
                  },
                  "paymentTermsOption": "DEFERRED",
                  "price": 400.33,
                  "priceOption": "FIX",
                  "priceUnit": "DMT",
                  "quantity": 3,
                  "seller": "node.321",
                  "sellerEtrmId": undefined,
                  "source": "KOMGO",
                  "sourceId": "E2389423",
                  "status": "TO_BE_FINANCED",
                  "updatedAt": "2019-01-01T00:00:00.000Z",
                  "version": 2,
                },
              },
              "isSubmitting": false,
              "isValid": true,
              "isValidating": false,
              "registerField": [Function],
              "resetForm": [Function],
              "setError": [Function],
              "setErrors": [Function],
              "setFieldError": [Function],
              "setFieldTouched": [Function],
              "setFieldValue": [Function],
              "setFormikState": [Function],
              "setStatus": [Function],
              "setSubmitting": [Function],
              "setTouched": [Function],
              "setValues": [Function],
              "submitCount": 0,
              "submitForm": [Function],
              "touched": Object {},
              "unregisterField": [Function],
              "validateField": [Function],
              "validateForm": [Function],
              "values": Object {
                "cargo": Object {
                  "_id": "123",
                  "cargoId": "F0401",
                  "createdAt": "2019-01-01T00:00:00.000Z",
                  "grade": "MY_GRADE",
                  "originOfGoods": "MY_ORIGIN_OF_GOODS",
                  "parcels": Array [],
                  "quality": "MY_QUALITY",
                  "source": "KOMGO",
                  "sourceId": "E2389423",
                  "status": "TO_BE_FINANCED",
                  "updatedAt": "2019-01-01T00:00:00.000Z",
                  "version": 2,
                },
                "documents": Array [],
                "trade": Object {
                  "_id": "123",
                  "buyer": "node.123",
                  "buyerEtrmId": "buyerEtrmId",
                  "commodity": "POWER",
                  "createdAt": "2019-01-01T00:00:00.000Z",
                  "creditRequirement": "DOCUMENTARY_LETTER_OF_CREDIT",
                  "currency": "EUR",
                  "dealDate": "2017-12-31",
                  "deliveryLocation": "Weymouth",
                  "deliveryPeriod": Object {
                    "endDate": "2019-04-10",
                    "startDate": "2019-04-03",
                  },
                  "deliveryTerms": "FOB",
                  "invoiceQuantity": "DISCHARGE",
                  "maxTolerance": 3,
                  "minTolerance": 1,
                  "paymentTerms": Object {
                    "dayType": "CALENDAR",
                    "eventBase": "BL",
                    "time": 30,
                    "timeUnit": "DAYS",
                    "when": "AFTER",
                  },
                  "paymentTermsOption": "DEFERRED",
                  "price": 400.33,
                  "priceOption": "FIX",
                  "priceUnit": "DMT",
                  "quantity": 3,
                  "seller": "node.321",
                  "sellerEtrmId": undefined,
                  "source": "KOMGO",
                  "sourceId": "E2389423",
                  "status": "TO_BE_FINANCED",
                  "updatedAt": "2019-01-01T00:00:00.000Z",
                  "version": 2,
                },
              },
            }
          }
          name="trade.paymentTerms.dayType"
          onBlur={[Function]}
          onChange={[Function]}
          onClick={[Function]}
          onFocus={[Function]}
          onMouseDown={[Function]}
          role="combobox"
          style={
            Object {
              "margin": "0",
              "marginLeft": "5px",
              "minWidth": "100px",
              "width": "143px",
            }
          }
        >
          <input
            aria-autocomplete="list"
            autoComplete="off"
            className="search"
            onChange={[Function]}
            style={
              Object {
                "width": undefined,
              }
            }
            tabIndex={0}
            type="text"
            value=""
          />
          <div
            aria-live="polite"
            className="text"
            role="alert"
          >
            CALENDAR
          </div>
          <i
            aria-hidden="true"
            className="dropdown icon"
            onClick={[Function]}
          />
          <div
            className="menu transition"
            role="listbox"
          >
            <div
              aria-checked={true}
              aria-selected={true}
              className="active selected item"
              onClick={[Function]}
              role="option"
              style={
                Object {
                  "pointerEvents": "all",
                }
              }
            >
              <span
                className="text"
              >
                CALENDAR
              </span>
            </div>
            <div
              aria-checked={false}
              aria-selected={false}
              className="item"
              onClick={[Function]}
              role="option"
              style={
                Object {
                  "pointerEvents": "all",
                }
              }
            >
              <span
                className="text"
              >
                WORKING DAYS
              </span>
            </div>
          </div>
        </div>
        <div
          aria-disabled={false}
          aria-expanded={false}
          className="ui compact search selection dropdown"
          form={
            Object {
              "dirty": false,
              "errors": Object {},
              "handleBlur": [Function],
              "handleChange": [Function],
              "handleReset": [Function],
              "handleSubmit": [Function],
              "initialValues": Object {
                "cargo": Object {
                  "_id": "123",
                  "cargoId": "F0401",
                  "createdAt": "2019-01-01T00:00:00.000Z",
                  "grade": "MY_GRADE",
                  "originOfGoods": "MY_ORIGIN_OF_GOODS",
                  "parcels": Array [],
                  "quality": "MY_QUALITY",
                  "source": "KOMGO",
                  "sourceId": "E2389423",
                  "status": "TO_BE_FINANCED",
                  "updatedAt": "2019-01-01T00:00:00.000Z",
                  "version": 2,
                },
                "documents": Array [],
                "trade": Object {
                  "_id": "123",
                  "buyer": "node.123",
                  "buyerEtrmId": "buyerEtrmId",
                  "commodity": "POWER",
                  "createdAt": "2019-01-01T00:00:00.000Z",
                  "creditRequirement": "DOCUMENTARY_LETTER_OF_CREDIT",
                  "currency": "EUR",
                  "dealDate": "2017-12-31",
                  "deliveryLocation": "Weymouth",
                  "deliveryPeriod": Object {
                    "endDate": "2019-04-10",
                    "startDate": "2019-04-03",
                  },
                  "deliveryTerms": "FOB",
                  "invoiceQuantity": "DISCHARGE",
                  "maxTolerance": 3,
                  "minTolerance": 1,
                  "paymentTerms": Object {
                    "dayType": "CALENDAR",
                    "eventBase": "BL",
                    "time": 30,
                    "timeUnit": "DAYS",
                    "when": "AFTER",
                  },
                  "paymentTermsOption": "DEFERRED",
                  "price": 400.33,
                  "priceOption": "FIX",
                  "priceUnit": "DMT",
                  "quantity": 3,
                  "seller": "node.321",
                  "sellerEtrmId": undefined,
                  "source": "KOMGO",
                  "sourceId": "E2389423",
                  "status": "TO_BE_FINANCED",
                  "updatedAt": "2019-01-01T00:00:00.000Z",
                  "version": 2,
                },
              },
              "isSubmitting": false,
              "isValid": true,
              "isValidating": false,
              "registerField": [Function],
              "resetForm": [Function],
              "setError": [Function],
              "setErrors": [Function],
              "setFieldError": [Function],
              "setFieldTouched": [Function],
              "setFieldValue": [Function],
              "setFormikState": [Function],
              "setStatus": [Function],
              "setSubmitting": [Function],
              "setTouched": [Function],
              "setValues": [Function],
              "submitCount": 0,
              "submitForm": [Function],
              "touched": Object {},
              "unregisterField": [Function],
              "validateField": [Function],
              "validateForm": [Function],
              "values": Object {
                "cargo": Object {
                  "_id": "123",
                  "cargoId": "F0401",
                  "createdAt": "2019-01-01T00:00:00.000Z",
                  "grade": "MY_GRADE",
                  "originOfGoods": "MY_ORIGIN_OF_GOODS",
                  "parcels": Array [],
                  "quality": "MY_QUALITY",
                  "source": "KOMGO",
                  "sourceId": "E2389423",
                  "status": "TO_BE_FINANCED",
                  "updatedAt": "2019-01-01T00:00:00.000Z",
                  "version": 2,
                },
                "documents": Array [],
                "trade": Object {
                  "_id": "123",
                  "buyer": "node.123",
                  "buyerEtrmId": "buyerEtrmId",
                  "commodity": "POWER",
                  "createdAt": "2019-01-01T00:00:00.000Z",
                  "creditRequirement": "DOCUMENTARY_LETTER_OF_CREDIT",
                  "currency": "EUR",
                  "dealDate": "2017-12-31",
                  "deliveryLocation": "Weymouth",
                  "deliveryPeriod": Object {
                    "endDate": "2019-04-10",
                    "startDate": "2019-04-03",
                  },
                  "deliveryTerms": "FOB",
                  "invoiceQuantity": "DISCHARGE",
                  "maxTolerance": 3,
                  "minTolerance": 1,
                  "paymentTerms": Object {
                    "dayType": "CALENDAR",
                    "eventBase": "BL",
                    "time": 30,
                    "timeUnit": "DAYS",
                    "when": "AFTER",
                  },
                  "paymentTermsOption": "DEFERRED",
                  "price": 400.33,
                  "priceOption": "FIX",
                  "priceUnit": "DMT",
                  "quantity": 3,
                  "seller": "node.321",
                  "sellerEtrmId": undefined,
                  "source": "KOMGO",
                  "sourceId": "E2389423",
                  "status": "TO_BE_FINANCED",
                  "updatedAt": "2019-01-01T00:00:00.000Z",
                  "version": 2,
                },
              },
            }
          }
          name="trade.paymentTerms.when"
          onBlur={[Function]}
          onChange={[Function]}
          onClick={[Function]}
          onFocus={[Function]}
          onMouseDown={[Function]}
          role="combobox"
          style={
            Object {
              "margin": "0",
              "marginLeft": "5px",
              "minWidth": "100px",
            }
          }
        >
          <input
            aria-autocomplete="list"
            autoComplete="off"
            className="search"
            onChange={[Function]}
            style={
              Object {
                "width": undefined,
              }
            }
            tabIndex={0}
            type="text"
            value=""
          />
          <div
            aria-live="polite"
            className="text"
            role="alert"
          >
            AFTER
          </div>
          <i
            aria-hidden="true"
            className="dropdown icon"
            onClick={[Function]}
          />
          <div
            className="menu transition"
            role="listbox"
          >
            <div
              aria-checked={false}
              aria-selected={false}
              className="item"
              onClick={[Function]}
              role="option"
              style={
                Object {
                  "pointerEvents": "all",
                }
              }
            >
              <span
                className="text"
              >
                FROM
              </span>
            </div>
            <div
              aria-checked={true}
              aria-selected={true}
              className="active selected item"
              onClick={[Function]}
              role="option"
              style={
                Object {
                  "pointerEvents": "all",
                }
              }
            >
              <span
                className="text"
              >
                AFTER
              </span>
            </div>
          </div>
        </div>
        <div
          aria-disabled={false}
          aria-expanded={false}
          className="ui search selection dropdown"
          form={
            Object {
              "dirty": false,
              "errors": Object {},
              "handleBlur": [Function],
              "handleChange": [Function],
              "handleReset": [Function],
              "handleSubmit": [Function],
              "initialValues": Object {
                "cargo": Object {
                  "_id": "123",
                  "cargoId": "F0401",
                  "createdAt": "2019-01-01T00:00:00.000Z",
                  "grade": "MY_GRADE",
                  "originOfGoods": "MY_ORIGIN_OF_GOODS",
                  "parcels": Array [],
                  "quality": "MY_QUALITY",
                  "source": "KOMGO",
                  "sourceId": "E2389423",
                  "status": "TO_BE_FINANCED",
                  "updatedAt": "2019-01-01T00:00:00.000Z",
                  "version": 2,
                },
                "documents": Array [],
                "trade": Object {
                  "_id": "123",
                  "buyer": "node.123",
                  "buyerEtrmId": "buyerEtrmId",
                  "commodity": "POWER",
                  "createdAt": "2019-01-01T00:00:00.000Z",
                  "creditRequirement": "DOCUMENTARY_LETTER_OF_CREDIT",
                  "currency": "EUR",
                  "dealDate": "2017-12-31",
                  "deliveryLocation": "Weymouth",
                  "deliveryPeriod": Object {
                    "endDate": "2019-04-10",
                    "startDate": "2019-04-03",
                  },
                  "deliveryTerms": "FOB",
                  "invoiceQuantity": "DISCHARGE",
                  "maxTolerance": 3,
                  "minTolerance": 1,
                  "paymentTerms": Object {
                    "dayType": "CALENDAR",
                    "eventBase": "BL",
                    "time": 30,
                    "timeUnit": "DAYS",
                    "when": "AFTER",
                  },
                  "paymentTermsOption": "DEFERRED",
                  "price": 400.33,
                  "priceOption": "FIX",
                  "priceUnit": "DMT",
                  "quantity": 3,
                  "seller": "node.321",
                  "sellerEtrmId": undefined,
                  "source": "KOMGO",
                  "sourceId": "E2389423",
                  "status": "TO_BE_FINANCED",
                  "updatedAt": "2019-01-01T00:00:00.000Z",
                  "version": 2,
                },
              },
              "isSubmitting": false,
              "isValid": true,
              "isValidating": false,
              "registerField": [Function],
              "resetForm": [Function],
              "setError": [Function],
              "setErrors": [Function],
              "setFieldError": [Function],
              "setFieldTouched": [Function],
              "setFieldValue": [Function],
              "setFormikState": [Function],
              "setStatus": [Function],
              "setSubmitting": [Function],
              "setTouched": [Function],
              "setValues": [Function],
              "submitCount": 0,
              "submitForm": [Function],
              "touched": Object {},
              "unregisterField": [Function],
              "validateField": [Function],
              "validateForm": [Function],
              "values": Object {
                "cargo": Object {
                  "_id": "123",
                  "cargoId": "F0401",
                  "createdAt": "2019-01-01T00:00:00.000Z",
                  "grade": "MY_GRADE",
                  "originOfGoods": "MY_ORIGIN_OF_GOODS",
                  "parcels": Array [],
                  "quality": "MY_QUALITY",
                  "source": "KOMGO",
                  "sourceId": "E2389423",
                  "status": "TO_BE_FINANCED",
                  "updatedAt": "2019-01-01T00:00:00.000Z",
                  "version": 2,
                },
                "documents": Array [],
                "trade": Object {
                  "_id": "123",
                  "buyer": "node.123",
                  "buyerEtrmId": "buyerEtrmId",
                  "commodity": "POWER",
                  "createdAt": "2019-01-01T00:00:00.000Z",
                  "creditRequirement": "DOCUMENTARY_LETTER_OF_CREDIT",
                  "currency": "EUR",
                  "dealDate": "2017-12-31",
                  "deliveryLocation": "Weymouth",
                  "deliveryPeriod": Object {
                    "endDate": "2019-04-10",
                    "startDate": "2019-04-03",
                  },
                  "deliveryTerms": "FOB",
                  "invoiceQuantity": "DISCHARGE",
                  "maxTolerance": 3,
                  "minTolerance": 1,
                  "paymentTerms": Object {
                    "dayType": "CALENDAR",
                    "eventBase": "BL",
                    "time": 30,
                    "timeUnit": "DAYS",
                    "when": "AFTER",
                  },
                  "paymentTermsOption": "DEFERRED",
                  "price": 400.33,
                  "priceOption": "FIX",
                  "priceUnit": "DMT",
                  "quantity": 3,
                  "seller": "node.321",
                  "sellerEtrmId": undefined,
                  "source": "KOMGO",
                  "sourceId": "E2389423",
                  "status": "TO_BE_FINANCED",
                  "updatedAt": "2019-01-01T00:00:00.000Z",
                  "version": 2,
                },
              },
            }
          }
          name="trade.paymentTerms.eventBase"
          onBlur={[Function]}
          onChange={[Function]}
          onClick={[Function]}
          onFocus={[Function]}
          onMouseDown={[Function]}
          role="combobox"
          style={
            Object {
              "margin": "0",
              "marginLeft": "5px",
              "minWidth": "100px",
              "width": "193px",
            }
          }
        >
          <input
            aria-autocomplete="list"
            autoComplete="off"
            className="search"
            onChange={[Function]}
            style={
              Object {
                "width": undefined,
              }
            }
            tabIndex={0}
            type="text"
            value=""
          />
          <div
            aria-live="polite"
            className="text"
            role="alert"
          >
            BL
          </div>
          <i
            aria-hidden="true"
            className="dropdown icon"
            onClick={[Function]}
          />
          <div
            className="menu transition"
            role="listbox"
          >
            <div
              aria-checked={true}
              aria-selected={true}
              className="active selected item"
              onClick={[Function]}
              role="option"
              style={
                Object {
                  "pointerEvents": "all",
                }
              }
            >
              <span
                className="text"
              >
                BL
              </span>
            </div>
            <div
              aria-checked={false}
              aria-selected={false}
              className="item"
              onClick={[Function]}
              role="option"
              style={
                Object {
                  "pointerEvents": "all",
                }
              }
            >
              <span
                className="text"
              >
                Invoice
              </span>
            </div>
            <div
              aria-checked={false}
              aria-selected={false}
              className="item"
              onClick={[Function]}
              role="option"
              style={
                Object {
                  "pointerEvents": "all",
                }
              }
            >
              <span
                className="text"
              >
                Completion of discharge
              </span>
            </div>
            <div
              aria-checked={false}
              aria-selected={false}
              className="item"
              onClick={[Function]}
              role="option"
              style={
                Object {
                  "pointerEvents": "all",
                }
              }
            >
              <span
                className="text"
              >
                Notice of readiness
              </span>
            </div>
            <div
              aria-checked={false}
              aria-selected={false}
              className="item"
              onClick={[Function]}
              role="option"
              style={
                Object {
                  "pointerEvents": "all",
                }
              }
            >
              <span
                className="text"
              >
                ITT
              </span>
            </div>
            <div
              aria-checked={false}
              aria-selected={false}
              className="item"
              onClick={[Function]}
              role="option"
              style={
                Object {
                  "pointerEvents": "all",
                }
              }
            >
              <span
                className="text"
              >
                Other
              </span>
            </div>
          </div>
        </div>
      </li>
      <li
        className="c1 c2"
      >
        <input
          name="hidden"
          onBlur={[Function]}
          onChange={[Function]}
          style={
            Object {
              "visibility": "hidden",
            }
          }
        />
      </li>
    </ul>
  </div>,
]
`;
